Archive member included to satisfy reference by file (symbol)

C:/MaximSDK/Libraries/PeriphDrivers/bin/MAX78000/softfp/libPeriphDriver_softfp.a(mxc_delay.o)
                              C:/Users/User/eclipse-workspace/perfect_ball_v1/build/main.o (MXC_Delay)
C:/MaximSDK/Libraries/PeriphDrivers/bin/MAX78000/softfp/libPeriphDriver_softfp.a(nvic_table.o)
                              C:/Users/User/eclipse-workspace/perfect_ball_v1/build/cnn.o (MXC_NVIC_SetVector)
C:/MaximSDK/Libraries/PeriphDrivers/bin/MAX78000/softfp/libPeriphDriver_softfp.a(pins_ai85.o)
                              C:/Users/User/eclipse-workspace/perfect_ball_v1/build/camera.o (gpio_cfg_pcif_xclk)
C:/MaximSDK/Libraries/PeriphDrivers/bin/MAX78000/softfp/libPeriphDriver_softfp.a(sys_ai85.o)
                              C:/Users/User/eclipse-workspace/perfect_ball_v1/build/cnn.o (MXC_SYS_ClockDisable)
C:/MaximSDK/Libraries/PeriphDrivers/bin/MAX78000/softfp/libPeriphDriver_softfp.a(aes_me17.o)
                              C:/MaximSDK/Libraries/PeriphDrivers/bin/MAX78000/softfp/libPeriphDriver_softfp.a(sys_ai85.o) (MXC_AES_Init)
C:/MaximSDK/Libraries/PeriphDrivers/bin/MAX78000/softfp/libPeriphDriver_softfp.a(aes_revb.o)
                              C:/MaximSDK/Libraries/PeriphDrivers/bin/MAX78000/softfp/libPeriphDriver_softfp.a(aes_me17.o) (MXC_AES_RevB_Init)
C:/MaximSDK/Libraries/PeriphDrivers/bin/MAX78000/softfp/libPeriphDriver_softfp.a(cameraif_ai85.o)
                              C:/Users/User/eclipse-workspace/perfect_ball_v1/build/camera.o (MXC_PCIF_Init)
C:/MaximSDK/Libraries/PeriphDrivers/bin/MAX78000/softfp/libPeriphDriver_softfp.a(cameraif_reva.o)
                              C:/MaximSDK/Libraries/PeriphDrivers/bin/MAX78000/softfp/libPeriphDriver_softfp.a(cameraif_ai85.o) (MXC_PCIF_RevA_SetDatawidth)
C:/MaximSDK/Libraries/PeriphDrivers/bin/MAX78000/softfp/libPeriphDriver_softfp.a(dma_me17.o)
                              C:/Users/User/eclipse-workspace/perfect_ball_v1/build/main.o (MXC_DMA_Init)
C:/MaximSDK/Libraries/PeriphDrivers/bin/MAX78000/softfp/libPeriphDriver_softfp.a(dma_reva.o)
                              C:/MaximSDK/Libraries/PeriphDrivers/bin/MAX78000/softfp/libPeriphDriver_softfp.a(dma_me17.o) (MXC_DMA_RevA_Init)
C:/MaximSDK/Libraries/PeriphDrivers/bin/MAX78000/softfp/libPeriphDriver_softfp.a(flc_me17.o)
                              C:/MaximSDK/Libraries/PeriphDrivers/bin/MAX78000/softfp/libPeriphDriver_softfp.a(sys_ai85.o) (MXC_FLC_UnlockInfoBlock)
C:/MaximSDK/Libraries/PeriphDrivers/bin/MAX78000/softfp/libPeriphDriver_softfp.a(flc_reva.o)
                              C:/MaximSDK/Libraries/PeriphDrivers/bin/MAX78000/softfp/libPeriphDriver_softfp.a(flc_me17.o) (MXC_FLC_RevA_Busy)
C:/MaximSDK/Libraries/PeriphDrivers/bin/MAX78000/softfp/libPeriphDriver_softfp.a(gpio_ai85.o)
                              C:/Users/User/eclipse-workspace/perfect_ball_v1/build/main.o (MXC_GPIO_Config)
C:/MaximSDK/Libraries/PeriphDrivers/bin/MAX78000/softfp/libPeriphDriver_softfp.a(gpio_reva.o)
                              C:/MaximSDK/Libraries/PeriphDrivers/bin/MAX78000/softfp/libPeriphDriver_softfp.a(gpio_ai85.o) (MXC_GPIO_RevA_InGet)
C:/MaximSDK/Libraries/PeriphDrivers/bin/MAX78000/softfp/libPeriphDriver_softfp.a(icc_me17.o)
                              C:/Users/User/eclipse-workspace/perfect_ball_v1/build/main.o (MXC_ICC_Enable)
C:/MaximSDK/Libraries/PeriphDrivers/bin/MAX78000/softfp/libPeriphDriver_softfp.a(icc_reva.o)
                              C:/MaximSDK/Libraries/PeriphDrivers/bin/MAX78000/softfp/libPeriphDriver_softfp.a(icc_me17.o) (MXC_ICC_RevA_ID)
C:/MaximSDK/Libraries/PeriphDrivers/bin/MAX78000/softfp/libPeriphDriver_softfp.a(pt_ai85.o)
                              C:/Users/User/eclipse-workspace/perfect_ball_v1/build/camera.o (MXC_PT_Init)
C:/MaximSDK/Libraries/PeriphDrivers/bin/MAX78000/softfp/libPeriphDriver_softfp.a(pt_reva.o)
                              C:/MaximSDK/Libraries/PeriphDrivers/bin/MAX78000/softfp/libPeriphDriver_softfp.a(pt_ai85.o) (MXC_PT_RevA_Init)
C:/MaximSDK/Libraries/PeriphDrivers/bin/MAX78000/softfp/libPeriphDriver_softfp.a(rtc_me17.o)
                              C:/Users/User/eclipse-workspace/perfect_ball_v1/build/main.o (MXC_RTC_Start)
C:/MaximSDK/Libraries/PeriphDrivers/bin/MAX78000/softfp/libPeriphDriver_softfp.a(rtc_reva.o)
                              C:/MaximSDK/Libraries/PeriphDrivers/bin/MAX78000/softfp/libPeriphDriver_softfp.a(rtc_me17.o) (MXC_RTC_RevA_GetBusyFlag)
C:/MaximSDK/Libraries/PeriphDrivers/bin/MAX78000/softfp/libPeriphDriver_softfp.a(spi_me17.o)
                              C:/Users/User/eclipse-workspace/perfect_ball_v1/build/board.o (MXC_SPI_Init)
C:/MaximSDK/Libraries/PeriphDrivers/bin/MAX78000/softfp/libPeriphDriver_softfp.a(spi_reva1.o)
                              C:/MaximSDK/Libraries/PeriphDrivers/bin/MAX78000/softfp/libPeriphDriver_softfp.a(spi_me17.o) (MXC_SPI_RevA1_Init)
[...]
Memory Configuration

Name             Origin             Length             Attributes
ROM              0x00000000         0x00010000         xr
FLASH            0x10000000         0x00080000         xr
SRAM             0x20000000         0x00020000         xrw
*default*        0x00000000         0xffffffff

Linker script and memory map

LOAD c:/maximsdk/tools/gnutools/10.3/bin/../lib/gcc/arm-none-eabi/10.3.1/thumb/v7e-m+fp/softfp/crti.o
LOAD c:/maximsdk/tools/gnutools/10.3/bin/../lib/gcc/arm-none-eabi/10.3.1/thumb/v7e-m+fp/softfp/crtbegin.o
LOAD c:/maximsdk/tools/gnutools/10.3/bin/../lib/gcc/arm-none-eabi/10.3.1/../../../../arm-none-eabi/lib/thumb/v7e-m+fp/softfp/crt0.o
LOAD C:/Users/User/eclipse-workspace/perfect_ball_v1/build/all_imgs.o
LOAD C:/Users/User/eclipse-workspace/perfect_ball_v1/build/main.o
LOAD C:/Users/User/eclipse-workspace/perfect_ball_v1/build/post_process.o
LOAD C:/Users/User/eclipse-workspace/perfect_ball_v1/build/tft_utils.o
LOAD C:/Users/User/eclipse-workspace/perfect_ball_v1/build/softmax.o
LOAD C:/Users/User/eclipse-workspace/perfect_ball_v1/build/cnn.o
LOAD C:/Users/User/eclipse-workspace/perfect_ball_v1/build/board.o
LOAD C:/Users/User/eclipse-workspace/perfect_ball_v1/build/stdio.o
LOAD C:/Users/User/eclipse-workspace/perfect_ball_v1/build/led.o
LOAD C:/Users/User/eclipse-workspace/perfect_ball_v1/build/pb.o
LOAD C:/Users/User/eclipse-workspace/perfect_ball_v1/build/tft_ssd2119.o
LOAD C:/Users/User/eclipse-workspace/perfect_ball_v1/build/tsc2046.o
LOAD C:/Users/User/eclipse-workspace/perfect_ball_v1/build/camera.o
LOAD C:/Users/User/eclipse-workspace/perfect_ball_v1/build/ov7692.o
LOAD C:/Users/User/eclipse-workspace/perfect_ball_v1/build/sccb.o
LOAD C:/Users/User/eclipse-workspace/perfect_ball_v1/build/startup_max78000.o
LOAD C:/Users/User/eclipse-workspace/perfect_ball_v1/build/heap.o
LOAD C:/Users/User/eclipse-workspace/perfect_ball_v1/build/system_max78000.o
START GROUP
LOAD C:/MaximSDK/Libraries/PeriphDrivers/bin/MAX78000/softfp/libPeriphDriver_softfp.a
LOAD c:/maximsdk/tools/gnutools/10.3/bin/../lib/gcc/arm-none-eabi/10.3.1/../../../../arm-none-eabi/lib/thumb/v7e-m+fp/softfp\libc.a
LOAD c:/maximsdk/tools/gnutools/10.3/bin/../lib/gcc/arm-none-eabi/10.3.1/../../../../arm-none-eabi/lib/thumb/v7e-m+fp/softfp\libm.a
LOAD c:/maximsdk/tools/gnutools/10.3/bin/../lib/gcc/arm-none-eabi/10.3.1/../../../../arm-none-eabi/lib/thumb/v7e-m+fp/softfp\libnosys.a
END GROUP
START GROUP
LOAD c:/maximsdk/tools/gnutools/10.3/bin/../lib/gcc/arm-none-eabi/10.3.1/thumb/v7e-m+fp/softfp\libgcc.a
LOAD c:/maximsdk/tools/gnutools/10.3/bin/../lib/gcc/arm-none-eabi/10.3.1/../../../../arm-none-eabi/lib/thumb/v7e-m+fp/softfp\libc.a
END GROUP
LOAD c:/maximsdk/tools/gnutools/10.3/bin/../lib/gcc/arm-none-eabi/10.3.1/thumb/v7e-m+fp/softfp/crtend.o
LOAD c:/maximsdk/tools/gnutools/10.3/bin/../lib/gcc/arm-none-eabi/10.3.1/thumb/v7e-m+fp/softfp/crtn.o

.rom
 *(.rom_vector)
 *(.rom_handlers*)

.text           0x10000000    0x5e014
                0x10000000                _text = .
 *(.isr_vector)
 .isr_vector    0x10000000      0x1e0 C:/Users/User/eclipse-workspace/perfect_ball_v1/build/startup_max78000.o
                0x10000000                __isr_vector
 EXCLUDE_FILE(*riscv.o) *(.text*)
 .text          0x100001e0       0x40 c:/maximsdk/tools/gnutools/10.3/bin/../lib/gcc/arm-none-eabi/10.3.1/thumb/v7e-m+fp/softfp/crtbegin.o
 .text.load_input_RGB565
                0x10000220       0xbc C:/Users/User/eclipse-workspace/perfect_ball_v1/build/main.o
                0x10000220                load_input_RGB565
 .text.display_camera_RGB565
                0x100002dc       0x8c C:/Users/User/eclipse-workspace/perfect_ball_v1/build/main.o
                0x100002dc                display_camera_RGB565
 .text.startup.main
                0x10000368      0x23c C:/Users/User/eclipse-workspace/perfect_ball_v1/build/main.o
                0x10000368                main
 .text.get_indices
                0x100005a4       0x48 C:/Users/User/eclipse-workspace/perfect_ball_v1/build/post_process.o
                0x100005a4                get_indices
 .text.softmax  0x100005ec       0xf4 C:/Users/User/eclipse-workspace/perfect_ball_v1/build/post_process.o
                0x100005ec                softmax
 .text.get_prior_locs
                0x100006e0       0x50 C:/Users/User/eclipse-workspace/perfect_ball_v1/build/post_process.o
                0x100006e0                get_prior_locs
 .text.get_prior_cls
                0x10000730       0x80 C:/Users/User/eclipse-workspace/perfect_ball_v1/build/post_process.o
                0x10000730                get_prior_cls
 .text.get_priors
                0x100007b0       0x10 C:/Users/User/eclipse-workspace/perfect_ball_v1/build/post_process.o
                0x100007b0                get_priors
 .text.calculate_IOU
                0x100007c0       0xb4 C:/Users/User/eclipse-workspace/perfect_ball_v1/build/post_process.o
                0x100007c0                calculate_IOU
 .text.get_cxcy
                0x10000874      0x100 C:/Users/User/eclipse-workspace/perfect_ball_v1/build/post_process.o
                0x10000874                get_cxcy
 .text.gcxgcy_to_cxcy
                0x10000974       0xd4 C:/Users/User/eclipse-workspace/perfect_ball_v1/build/post_process.o
                0x10000974                gcxgcy_to_cxcy
 .text.insert_val
                0x10000a48       0x44 C:/Users/User/eclipse-workspace/perfect_ball_v1/build/post_process.o
                0x10000a48                insert_val
 .text.insert_nms_prior
                0x10000a8c       0x68 C:/Users/User/eclipse-workspace/perfect_ball_v1/build/post_process.o
                0x10000a8c                insert_nms_prior
 .text.reset_nms
                0x10000af4       0x48 C:/Users/User/eclipse-workspace/perfect_ball_v1/build/post_process.o
                0x10000af4                reset_nms
 .text.nms      0x10000b3c      0x1e4 C:/Users/User/eclipse-workspace/perfect_ball_v1/build/post_process.o
                0x10000b3c                nms
 .text.localize_objects
                0x10000d20      0x18c C:/Users/User/eclipse-workspace/perfect_ball_v1/build/post_process.o
                0x10000d20                localize_objects
 .text.TFT_Print
                0x10000eac       0x24 C:/Users/User/eclipse-workspace/perfect_ball_v1/build/tft_utils.o
                0x10000eac                TFT_Print
 .text.draw_obj_rect
                0x10000ed0      0x170 C:/Users/User/eclipse-workspace/perfect_ball_v1/build/tft_utils.o
                0x10000ed0                draw_obj_rect
 .text.CNN_ISR  0x10001040       0x50 C:/Users/User/eclipse-workspace/perfect_ball_v1/build/cnn.o
                0x10001040                CNN_ISR
 .text.cnn_load_weights
                0x10001090       0x4c C:/Users/User/eclipse-workspace/perfect_ball_v1/build/cnn.o
                0x10001090                cnn_load_weights
 .text.cnn_load_bias
                0x100010dc       0x8c C:/Users/User/eclipse-workspace/perfect_ball_v1/build/cnn.o
                0x100010dc                cnn_load_bias
 .text.cnn_init
                0x10001168       0x54 C:/Users/User/eclipse-workspace/perfect_ball_v1/build/cnn.o
                0x10001168                cnn_init
 .text.cnn_configure
                0x100011bc     0x1450 C:/Users/User/eclipse-workspace/perfect_ball_v1/build/cnn.o
                0x100011bc                cnn_configure
 .text.cnn_start
                0x1000260c       0x54 C:/Users/User/eclipse-workspace/perfect_ball_v1/build/cnn.o
                0x1000260c                cnn_start
 .text.cnn_enable
                0x10002660       0x3c C:/Users/User/eclipse-workspace/perfect_ball_v1/build/cnn.o
                0x10002660                cnn_enable
 .text.mxc_assert
                0x1000269c       0x10 C:/Users/User/eclipse-workspace/perfect_ball_v1/build/board.o
                0x1000269c                mxc_assert
 .text.GPIO2_IRQHandler
                0x100026ac        0x8 C:/Users/User/eclipse-workspace/perfect_ball_v1/build/board.o
                0x100026ac                GPIO2_IRQHandler
 .text.Board_Init
                0x100026b4       0xec C:/Users/User/eclipse-workspace/perfect_ball_v1/build/board.o
                0x100026b4                Board_Init
 .text.NMI_Handler
                0x100027a0        0x4 C:/Users/User/eclipse-workspace/perfect_ball_v1/build/board.o
                0x100027a0                NMI_Handler
 .text.Camera_Power
                0x100027a4        0x8 C:/Users/User/eclipse-workspace/perfect_ball_v1/build/board.o
                0x100027a4                Camera_Power
 .text._close   0x100027ac        0x8 C:/Users/User/eclipse-workspace/perfect_ball_v1/build/stdio.o
                0x100027ac                _close
 .text._isatty  0x100027b4        0x8 C:/Users/User/eclipse-workspace/perfect_ball_v1/build/stdio.o
                0x100027b4                _isatty
 .text._lseek   0x100027bc        0x8 C:/Users/User/eclipse-workspace/perfect_ball_v1/build/stdio.o
                0x100027bc                _lseek
 .text._fstat   0x100027c4        0x8 C:/Users/User/eclipse-workspace/perfect_ball_v1/build/stdio.o
                0x100027c4                _fstat
 .text._read    0x100027cc       0x50 C:/Users/User/eclipse-workspace/perfect_ball_v1/build/stdio.o
                0x100027cc                _read
 .text._write   0x1000281c       0x54 C:/Users/User/eclipse-workspace/perfect_ball_v1/build/stdio.o
                0x1000281c                _write
 .text.LED_Init
                0x10002870       0x40 C:/Users/User/eclipse-workspace/perfect_ball_v1/build/led.o
                0x10002870                LED_Init
 .text.LED_On   0x100028b0       0x40 C:/Users/User/eclipse-workspace/perfect_ball_v1/build/led.o
                0x100028b0                LED_On
 .text.LED_Off  0x100028f0       0x40 C:/Users/User/eclipse-workspace/perfect_ball_v1/build/led.o
                0x100028f0                LED_Off
 .text.PB_Init  0x10002930       0x38 C:/Users/User/eclipse-workspace/perfect_ball_v1/build/pb.o
                0x10002930                PB_Init
 .text.get_font_info
                0x10002968       0x44 C:/Users/User/eclipse-workspace/perfect_ball_v1/build/tft_ssd2119.o
 .text.setPalette
                0x100029ac       0xd8 C:/Users/User/eclipse-workspace/perfect_ball_v1/build/tft_ssd2119.o
 .text.spi_transmit
                0x10002a84       0xc8 C:/Users/User/eclipse-workspace/perfect_ball_v1/build/tft_ssd2119.o
 .text.print_line_rgb565
                0x10002b4c       0xc8 C:/Users/User/eclipse-workspace/perfect_ball_v1/build/tft_ssd2119.o
 .text.get_bitmap_info
                0x10002c14       0x5c C:/Users/User/eclipse-workspace/perfect_ball_v1/build/tft_ssd2119.o
 .text.displaySub
                0x10002c70      0x150 C:/Users/User/eclipse-workspace/perfect_ball_v1/build/tft_ssd2119.o
 .text.writeSubBitmap
                0x10002dc0      0x11c C:/Users/User/eclipse-workspace/perfect_ball_v1/build/tft_ssd2119.o
 .text.displaySub_Rotated
                0x10002edc      0x160 C:/Users/User/eclipse-workspace/perfect_ball_v1/build/tft_ssd2119.o
 .text.MXC_TFT_PrintFont.part.0
                0x1000303c      0x218 C:/Users/User/eclipse-workspace/perfect_ball_v1/build/tft_ssd2119.o
 .text.displaySub_Special
                0x10003254      0x15c C:/Users/User/eclipse-workspace/perfect_ball_v1/build/tft_ssd2119.o
 .text.MXC_TFT_PreInit
                0x100033b0       0x78 C:/Users/User/eclipse-workspace/perfect_ball_v1/build/tft_ssd2119.o
                0x100033b0                MXC_TFT_PreInit
 .text.MXC_TFT_SetBackGroundColor
                0x10003428      0x148 C:/Users/User/eclipse-workspace/perfect_ball_v1/build/tft_ssd2119.o
                0x10003428                MXC_TFT_SetBackGroundColor
 .text.MXC_TFT_Init
                0x10003570      0x6a8 C:/Users/User/eclipse-workspace/perfect_ball_v1/build/tft_ssd2119.o
                0x10003570                MXC_TFT_Init
 .text.MXC_TFT_ShowImageCameraRGB565
                0x10003c18      0x114 C:/Users/User/eclipse-workspace/perfect_ball_v1/build/tft_ssd2119.o
                0x10003c18                MXC_TFT_ShowImageCameraRGB565
 .text.MXC_TFT_ClearScreen
                0x10003d2c        0xc C:/Users/User/eclipse-workspace/perfect_ball_v1/build/tft_ssd2119.o
                0x10003d2c                MXC_TFT_ClearScreen
 .text.MXC_TFT_WritePixel
                0x10003d38       0xc0 C:/Users/User/eclipse-workspace/perfect_ball_v1/build/tft_ssd2119.o
                0x10003d38                MXC_TFT_WritePixel
 .text.MXC_TFT_PrintFont
                0x10003df8       0x18 C:/Users/User/eclipse-workspace/perfect_ball_v1/build/tft_ssd2119.o
                0x10003df8                MXC_TFT_PrintFont
 .text.MXC_TS_PreInit
                0x10003e10       0x44 C:/Users/User/eclipse-workspace/perfect_ball_v1/build/tsc2046.o
                0x10003e10                MXC_TS_PreInit
 .text.camera_irq_handler
                0x10003e54      0x13c C:/Users/User/eclipse-workspace/perfect_ball_v1/build/camera.o
                0x10003e54                camera_irq_handler
 .text.stream_callback
                0x10003f90       0xbc C:/Users/User/eclipse-workspace/perfect_ball_v1/build/camera.o
 .text.setup_dma
                0x1000404c       0x94 C:/Users/User/eclipse-workspace/perfect_ball_v1/build/camera.o
 .text.stream_irq_handler
                0x100040e0        0x4 C:/Users/User/eclipse-workspace/perfect_ball_v1/build/camera.o
                0x100040e0                stream_irq_handler
 .text.camera_init
                0x100040e4      0x12c C:/Users/User/eclipse-workspace/perfect_ball_v1/build/camera.o
                0x100040e4                camera_init
 .text.camera_setup
                0x10004210      0x1d8 C:/Users/User/eclipse-workspace/perfect_ball_v1/build/camera.o
                0x10004210                camera_setup
 .text.camera_write_reg
                0x100043e8        0xc C:/Users/User/eclipse-workspace/perfect_ball_v1/build/camera.o
                0x100043e8                camera_write_reg
 .text.camera_start_capture_image
                0x100043f4       0x3c C:/Users/User/eclipse-workspace/perfect_ball_v1/build/camera.o
                0x100043f4                camera_start_capture_image
 .text.camera_is_image_rcv
                0x10004430       0x10 C:/Users/User/eclipse-workspace/perfect_ball_v1/build/camera.o
                0x10004430                camera_is_image_rcv
 .text.camera_get_image
                0x10004440       0x3c C:/Users/User/eclipse-workspace/perfect_ball_v1/build/camera.o
                0x10004440                camera_get_image
 .text.get_camera_stream_buffer
                0x1000447c        0xc C:/Users/User/eclipse-workspace/perfect_ball_v1/build/camera.o
                0x1000447c                get_camera_stream_buffer
 .text.release_camera_stream_buffer
                0x10004488        0xc C:/Users/User/eclipse-workspace/perfect_ball_v1/build/camera.o
                0x10004488                release_camera_stream_buffer
 .text.get_camera_stream_statistic
                0x10004494        0x8 C:/Users/User/eclipse-workspace/perfect_ball_v1/build/camera.o
                0x10004494                get_camera_stream_statistic
 .text.init     0x1000449c       0x10 C:/Users/User/eclipse-workspace/perfect_ball_v1/build/ov7692.o
 .text.get_slave_address
                0x100044ac        0xc C:/Users/User/eclipse-workspace/perfect_ball_v1/build/ov7692.o
 .text.get_pixformat
                0x100044b8       0x10 C:/Users/User/eclipse-workspace/perfect_ball_v1/build/ov7692.o
 .text.set_saturation
                0x100044c8        0x4 C:/Users/User/eclipse-workspace/perfect_ball_v1/build/ov7692.o
 .text.get_luminance
                0x100044cc       0x60 C:/Users/User/eclipse-workspace/perfect_ball_v1/build/ov7692.o
 .text.read_reg
                0x1000452c       0x20 C:/Users/User/eclipse-workspace/perfect_ball_v1/build/ov7692.o
 .text.get_manufacture_id
                0x1000454c       0x3c C:/Users/User/eclipse-workspace/perfect_ball_v1/build/ov7692.o
 .text.get_product_id
                0x10004588       0x3c C:/Users/User/eclipse-workspace/perfect_ball_v1/build/ov7692.o
 .text.set_negateimage
                0x100045c4       0x90 C:/Users/User/eclipse-workspace/perfect_ball_v1/build/ov7692.o
 .text.set_vflip
                0x10004654       0x3c C:/Users/User/eclipse-workspace/perfect_ball_v1/build/ov7692.o
 .text.set_hmirror
                0x10004690       0x3c C:/Users/User/eclipse-workspace/perfect_ball_v1/build/ov7692.o
 .text.set_colorbar
                0x100046cc       0x3c C:/Users/User/eclipse-workspace/perfect_ball_v1/build/ov7692.o
 .text.set_gainceiling
                0x10004708       0xa0 C:/Users/User/eclipse-workspace/perfect_ball_v1/build/ov7692.o
 .text.set_brightness
                0x100047a8       0xa8 C:/Users/User/eclipse-workspace/perfect_ball_v1/build/ov7692.o
 .text.set_contrast
                0x10004850       0xa0 C:/Users/User/eclipse-workspace/perfect_ball_v1/build/ov7692.o
 .text.set_windowing
                0x100048f0      0x120 C:/Users/User/eclipse-workspace/perfect_ball_v1/build/ov7692.o
 .text.set_framesize
                0x10004a10       0xcc C:/Users/User/eclipse-workspace/perfect_ball_v1/build/ov7692.o
 .text.set_pixformat
                0x10004adc       0x54 C:/Users/User/eclipse-workspace/perfect_ball_v1/build/ov7692.o
 .text.write_reg
                0x10004b30       0x18 C:/Users/User/eclipse-workspace/perfect_ball_v1/build/ov7692.o
 .text.sleep    0x10004b48       0x3c C:/Users/User/eclipse-workspace/perfect_ball_v1/build/ov7692.o
 .text.reset    0x10004b84       0x64 C:/Users/User/eclipse-workspace/perfect_ball_v1/build/ov7692.o
 .text.dump_registers
                0x10004be8       0xa8 C:/Users/User/eclipse-workspace/perfect_ball_v1/build/ov7692.o
 .text.sensor_register
                0x10004c90       0xbc C:/Users/User/eclipse-workspace/perfect_ball_v1/build/ov7692.o
                0x10004c90                sensor_register
 .text.send_byte
                0x10004d4c       0x68 C:/Users/User/eclipse-workspace/perfect_ball_v1/build/sccb.o
 .text.get_byte
                0x10004db4       0x50 C:/Users/User/eclipse-workspace/perfect_ball_v1/build/sccb.o
 .text.sccb_init
                0x10004e04       0x30 C:/Users/User/eclipse-workspace/perfect_ball_v1/build/sccb.o
                0x10004e04                sccb_init
 .text.sccb_read_byt
                0x10004e34      0x11c C:/Users/User/eclipse-workspace/perfect_ball_v1/build/sccb.o
                0x10004e34                sccb_read_byt
 .text.sccb_write_byt
                0x10004f50       0xa4 C:/Users/User/eclipse-workspace/perfect_ball_v1/build/sccb.o
                0x10004f50                sccb_write_byt
 .text          0x10004ff4      0x148 C:/Users/User/eclipse-workspace/perfect_ball_v1/build/startup_max78000.o
                0x10004ff4                Reset_Handler
                0x10005032                HardFault_Handler
                0x10005034                MemManage_Handler
                0x10005036                BusFault_Handler
                0x10005038                UsageFault_Handler
                0x1000503a                SVC_Handler
                0x1000503c                DebugMon_Handler
                0x1000503e                PendSV_Handler
                0x10005040                SysTick_Handler
                0x10005042                Default_Handler
                0x10005044                PF_IRQHandler
                0x10005046                WDT0_IRQHandler
                0x10005048                RSV02_IRQHandler
                0x1000504a                RTC_IRQHandler
                0x1000504c                TRNG_IRQHandler
                0x1000504e                TMR0_IRQHandler
                0x10005050                TMR1_IRQHandler
                0x10005052                TMR2_IRQHandler
                0x10005054                TMR3_IRQHandler
                0x10005056                TMR4_IRQHandler
                0x10005058                TMR5_IRQHandler
                0x1000505a                RSV11_IRQHandler
                0x1000505c                RSV12_IRQHandler
                0x1000505e                I2C0_IRQHandler
                0x10005060                UART0_IRQHandler
                0x10005062                UART1_IRQHandler
                0x10005064                SPI1_IRQHandler
                0x10005066                RSV17_IRQHandler
                0x10005068                RSV18_IRQHandler
                0x1000506a                RSV19_IRQHandler
                0x1000506c                ADC_IRQHandler
                0x1000506e                RSV21_IRQHandler
                0x10005070                RSV22_IRQHandler
                0x10005072                FLC0_IRQHandler
                0x10005074                GPIO0_IRQHandler
                0x10005076                GPIO1_IRQHandler
                0x1000507a                RSV27_IRQHandler
                0x1000507c                DMA0_IRQHandler
                0x1000507e                DMA1_IRQHandler
                0x10005080                DMA2_IRQHandler
                0x10005082                DMA3_IRQHandler
                0x10005084                RSV32_IRQHandler
                0x10005086                RSV33_IRQHandler
                0x10005088                UART2_IRQHandler
                0x1000508a                RSV35_IRQHandler
                0x1000508c                I2C1_IRQHandler
                0x1000508e                RSV37_IRQHandler
                0x10005090                RSV38_IRQHandler
                0x10005092                RSV39_IRQHandler
                0x10005094                RSV40_IRQHandler
                0x10005096                RSV41_IRQHandler
                0x10005098                RSV42_IRQHandler
                0x1000509a                RSV43_IRQHandler
                0x1000509c                RSV44_IRQHandler
                0x1000509e                RSV45_IRQHandler
                0x100050a0                RSV46_IRQHandler
                0x100050a2                RSV47_IRQHandler
                0x100050a4                RSV48_IRQHandler
                0x100050a6                RSV49_IRQHandler
                0x100050a8                RSV50_IRQHandler
                0x100050aa                RSV51_IRQHandler
                0x100050ac                RSV52_IRQHandler
                0x100050ae                WUT_IRQHandler
                0x100050b0                GPIOWAKE_IRQHandler
                0x100050b2                RSV55_IRQHandler
                0x100050b4                SPI0_IRQHandler
                0x100050b6                WDT1_IRQHandler
                0x100050b8                RSV58_IRQHandler
                0x100050ba                PT_IRQHandler
                0x100050bc                RSV60_IRQHandler
                0x100050be                RSV61_IRQHandler
                0x100050c0                I2C2_IRQHandler
                0x100050c2                RISCV_IRQHandler
                0x100050c4                RSV64_IRQHandler
                0x100050c6                RSV65_IRQHandler
                0x100050c8                RSV66_IRQHandler
                0x100050ca                OWM_IRQHandler
                0x100050cc                RSV68_IRQHandler
                0x100050ce                RSV69_IRQHandler
                0x100050d0                RSV70_IRQHandler
                0x100050d2                RSV71_IRQHandler
                0x100050d4                RSV72_IRQHandler
                0x100050d6                RSV73_IRQHandler
                0x100050d8                RSV74_IRQHandler
                0x100050da                RSV75_IRQHandler
                0x100050dc                RSV76_IRQHandler
                0x100050de                RSV77_IRQHandler
                0x100050e0                RSV78_IRQHandler
                0x100050e2                RSV79_IRQHandler
                0x100050e4                RSV80_IRQHandler
                0x100050e6                RSV81_IRQHandler
                0x100050e8                ECC_IRQHandler
                0x100050ea                DVS_IRQHandler
                0x100050ec                SIMO_IRQHandler
                0x100050ee                RSV85_IRQHandler
                0x100050f0                RSV86_IRQHandler
                0x100050f2                RSV87_IRQHandler
                0x100050f4                UART3_IRQHandler
                0x100050f6                RSV89_IRQHandler
                0x100050f8                RSV90_IRQHandler
                0x100050fa                PCIF_IRQHandler
                0x100050fc                RSV92_IRQHandler
                0x100050fe                RSV93_IRQHandler
                0x10005100                RSV94_IRQHandler
                0x10005102                RSV95_IRQHandler
                0x10005104                RSV96_IRQHandler
                0x10005106                AES_IRQHandler
                0x10005108                RSV98_IRQHandler
                0x1000510a                I2S_IRQHandler
                0x1000510c                CNN_FIFO_IRQHandler
                0x1000510e                CNN_IRQHandler
                0x10005110                RSV102_IRQHandler
                0x10005112                LPCMP_IRQHandler
 .text._sbrk    0x1000513c       0x3c C:/Users/User/eclipse-workspace/perfect_ball_v1/build/heap.o
                0x1000513c                _sbrk
 .text._getpid  0x10005178        0x8 C:/Users/User/eclipse-workspace/perfect_ball_v1/build/system_max78000.o
                0x10005178                _getpid
 .text._kill    0x10005180        0x8 C:/Users/User/eclipse-workspace/perfect_ball_v1/build/system_max78000.o
                0x10005180                _kill
 .text.SystemCoreClockUpdate
                0x10005188       0x68 C:/Users/User/eclipse-workspace/perfect_ball_v1/build/system_max78000.o
                0x10005188                SystemCoreClockUpdate
 .text.PreInit  0x100051f0        0x4 C:/Users/User/eclipse-workspace/perfect_ball_v1/build/system_max78000.o
                0x100051f0                PreInit
 .text.SystemInit
                0x100051f4       0x38 C:/Users/User/eclipse-workspace/perfect_ball_v1/build/system_max78000.o
                0x100051f4                SystemInit
 .text.MXC_DelayInit
                0x1000522c       0x7c C:/MaximSDK/Libraries/PeriphDrivers/bin/MAX78000/softfp/libPeriphDriver_softfp.a(mxc_delay.o)
 .text.MXC_DelayAsync
                0x100052a8       0x3c C:/MaximSDK/Libraries/PeriphDrivers/bin/MAX78000/softfp/libPeriphDriver_softfp.a(mxc_delay.o)
                0x100052a8                MXC_DelayAsync
 .text.MXC_DelayCheck
                0x100052e4       0x70 C:/MaximSDK/Libraries/PeriphDrivers/bin/MAX78000/softfp/libPeriphDriver_softfp.a(mxc_delay.o)
                0x100052e4                MXC_DelayCheck
 .text.MXC_DelayAbort
                0x10005354       0x34 C:/MaximSDK/Libraries/PeriphDrivers/bin/MAX78000/softfp/libPeriphDriver_softfp.a(mxc_delay.o)
                0x10005354                MXC_DelayAbort
 .text.MXC_Delay
                0x10005388       0x74 C:/MaximSDK/Libraries/PeriphDrivers/bin/MAX78000/softfp/libPeriphDriver_softfp.a(mxc_delay.o)
                0x10005388                MXC_Delay
 .text.MXC_NVIC_SetVector
                0x100053fc       0x50 C:/MaximSDK/Libraries/PeriphDrivers/bin/MAX78000/softfp/libPeriphDriver_softfp.a(nvic_table.o)
                0x100053fc                MXC_NVIC_SetVector
 .text.MXC_SYS_IsClockEnabled
                0x1000544c       0x44 C:/MaximSDK/Libraries/PeriphDrivers/bin/MAX78000/softfp/libPeriphDriver_softfp.a(sys_ai85.o)
                0x1000544c                MXC_SYS_IsClockEnabled
 .text.MXC_SYS_ClockDisable
                0x10005490       0x44 C:/MaximSDK/Libraries/PeriphDrivers/bin/MAX78000/softfp/libPeriphDriver_softfp.a(sys_ai85.o)
                0x10005490                MXC_SYS_ClockDisable
 .text.MXC_SYS_ClockEnable
                0x100054d4       0x4c C:/MaximSDK/Libraries/PeriphDrivers/bin/MAX78000/softfp/libPeriphDriver_softfp.a(sys_ai85.o)
                0x100054d4                MXC_SYS_ClockEnable
 .text.MXC_SYS_ClockSourceEnable
                0x10005520       0xf4 C:/MaximSDK/Libraries/PeriphDrivers/bin/MAX78000/softfp/libPeriphDriver_softfp.a(sys_ai85.o)
                0x10005520                MXC_SYS_ClockSourceEnable
 .text.MXC_SYS_Clock_Select
                0x10005614      0x194 C:/MaximSDK/Libraries/PeriphDrivers/bin/MAX78000/softfp/libPeriphDriver_softfp.a(sys_ai85.o)
                0x10005614                MXC_SYS_Clock_Select
 .text.MXC_SYS_Reset_Periph
                0x100057a8       0x50 C:/MaximSDK/Libraries/PeriphDrivers/bin/MAX78000/softfp/libPeriphDriver_softfp.a(sys_ai85.o)
                0x100057a8                MXC_SYS_Reset_Periph
 .text.MXC_PCIF_Init
                0x100057f8       0x6c C:/MaximSDK/Libraries/PeriphDrivers/bin/MAX78000/softfp/libPeriphDriver_softfp.a(cameraif_ai85.o)
                0x100057f8                MXC_PCIF_Init
 .text.MXC_PCIF_SetDataWidth
                0x10005864        0xc C:/MaximSDK/Libraries/PeriphDrivers/bin/MAX78000/softfp/libPeriphDriver_softfp.a(cameraif_ai85.o)
                0x10005864                MXC_PCIF_SetDataWidth
 .text.MXC_PCIF_SetTimingSel
                0x10005870        0xc C:/MaximSDK/Libraries/PeriphDrivers/bin/MAX78000/softfp/libPeriphDriver_softfp.a(cameraif_ai85.o)
                0x10005870                MXC_PCIF_SetTimingSel
 .text.MXC_PCIF_SetThreshold
                0x1000587c        0xc C:/MaximSDK/Libraries/PeriphDrivers/bin/MAX78000/softfp/libPeriphDriver_softfp.a(cameraif_ai85.o)
                0x1000587c                MXC_PCIF_SetThreshold
 .text.MXC_PCIF_EnableInt
                0x10005888        0xc C:/MaximSDK/Libraries/PeriphDrivers/bin/MAX78000/softfp/libPeriphDriver_softfp.a(cameraif_ai85.o)
                0x10005888                MXC_PCIF_EnableInt
 .text.MXC_PCIF_DisableInt
                0x10005894        0xc C:/MaximSDK/Libraries/PeriphDrivers/bin/MAX78000/softfp/libPeriphDriver_softfp.a(cameraif_ai85.o)
                0x10005894                MXC_PCIF_DisableInt
 .text.MXC_PCIF_Start
                0x100058a0        0xc C:/MaximSDK/Libraries/PeriphDrivers/bin/MAX78000/softfp/libPeriphDriver_softfp.a(cameraif_ai85.o)
                0x100058a0                MXC_PCIF_Start
 .text.MXC_PCIF_RevA_SetDatawidth
                0x100058ac       0x14 C:/MaximSDK/Libraries/PeriphDrivers/bin/MAX78000/softfp/libPeriphDriver_softfp.a(cameraif_reva.o)
                0x100058ac                MXC_PCIF_RevA_SetDatawidth
 .text.MXC_PCIF_RevA_SetTimingSel
                0x100058c0       0x14 C:/MaximSDK/Libraries/PeriphDrivers/bin/MAX78000/softfp/libPeriphDriver_softfp.a(cameraif_reva.o)
                0x100058c0                MXC_PCIF_RevA_SetTimingSel
 .text.MXC_PCIF_RevA_SetThreshold
                0x100058d4       0x18 C:/MaximSDK/Libraries/PeriphDrivers/bin/MAX78000/softfp/libPeriphDriver_softfp.a(cameraif_reva.o)
                0x100058d4                MXC_PCIF_RevA_SetThreshold
 .text.MXC_PCIF_RevA_EnableInt
                0x100058ec        0xc C:/MaximSDK/Libraries/PeriphDrivers/bin/MAX78000/softfp/libPeriphDriver_softfp.a(cameraif_reva.o)
                0x100058ec                MXC_PCIF_RevA_EnableInt
 .text.MXC_PCIF_RevA_DisableInt
                0x100058f8       0x10 C:/MaximSDK/Libraries/PeriphDrivers/bin/MAX78000/softfp/libPeriphDriver_softfp.a(cameraif_reva.o)
                0x100058f8                MXC_PCIF_RevA_DisableInt
 .text.MXC_PCIF_RevA_Start
                0x10005908       0x14 C:/MaximSDK/Libraries/PeriphDrivers/bin/MAX78000/softfp/libPeriphDriver_softfp.a(cameraif_reva.o)
                0x10005908                MXC_PCIF_RevA_Start
 .text.MXC_DMA_Init
                0x1000591c       0x30 C:/MaximSDK/Libraries/PeriphDrivers/bin/MAX78000/softfp/libPeriphDriver_softfp.a(dma_me17.o)
                0x1000591c                MXC_DMA_Init
 .text.MXC_DMA_AcquireChannel
                0x1000594c        0xc C:/MaximSDK/Libraries/PeriphDrivers/bin/MAX78000/softfp/libPeriphDriver_softfp.a(dma_me17.o)
                0x1000594c                MXC_DMA_AcquireChannel
 .text.MXC_DMA_SetCallback
                0x10005958        0x4 C:/MaximSDK/Libraries/PeriphDrivers/bin/MAX78000/softfp/libPeriphDriver_softfp.a(dma_me17.o)
                0x10005958                MXC_DMA_SetCallback
 .text.MXC_DMA_ChannelClearFlags
                0x1000595c        0x4 C:/MaximSDK/Libraries/PeriphDrivers/bin/MAX78000/softfp/libPeriphDriver_softfp.a(dma_me17.o)
                0x1000595c                MXC_DMA_ChannelClearFlags
 .text.MXC_DMA_Handler
                0x10005960        0xc C:/MaximSDK/Libraries/PeriphDrivers/bin/MAX78000/softfp/libPeriphDriver_softfp.a(dma_me17.o)
                0x10005960                MXC_DMA_Handler
 .text.MXC_DMA_RevA_Init
                0x1000596c       0xac C:/MaximSDK/Libraries/PeriphDrivers/bin/MAX78000/softfp/libPeriphDriver_softfp.a(dma_reva.o)
                0x1000596c                MXC_DMA_RevA_Init
 .text.MXC_DMA_RevA_AcquireChannel
                0x10005a18       0x88 C:/MaximSDK/Libraries/PeriphDrivers/bin/MAX78000/softfp/libPeriphDriver_softfp.a(dma_reva.o)
                0x10005a18                MXC_DMA_RevA_AcquireChannel
 .text.MXC_DMA_RevA_SetCallback
                0x10005aa0       0x24 C:/MaximSDK/Libraries/PeriphDrivers/bin/MAX78000/softfp/libPeriphDriver_softfp.a(dma_reva.o)
                0x10005aa0                MXC_DMA_RevA_SetCallback
 .text.MXC_DMA_RevA_ChannelClearFlags
                0x10005ac4       0x2c C:/MaximSDK/Libraries/PeriphDrivers/bin/MAX78000/softfp/libPeriphDriver_softfp.a(dma_reva.o)
                0x10005ac4                MXC_DMA_RevA_ChannelClearFlags
 .text.MXC_DMA_RevA_Handler
                0x10005af0       0x84 C:/MaximSDK/Libraries/PeriphDrivers/bin/MAX78000/softfp/libPeriphDriver_softfp.a(dma_reva.o)
                0x10005af0                MXC_DMA_RevA_Handler
 .text.MXC_GPIO_Init
                0x10005b74       0x40 C:/MaximSDK/Libraries/PeriphDrivers/bin/MAX78000/softfp/libPeriphDriver_softfp.a(gpio_ai85.o)
                0x10005b74                MXC_GPIO_Init
 .text.MXC_GPIO_Config
                0x10005bb4      0x220 C:/MaximSDK/Libraries/PeriphDrivers/bin/MAX78000/softfp/libPeriphDriver_softfp.a(gpio_ai85.o)
                0x10005bb4                MXC_GPIO_Config
 .text.MXC_GPIO_OutSet
                0x10005dd4       0x30 C:/MaximSDK/Libraries/PeriphDrivers/bin/MAX78000/softfp/libPeriphDriver_softfp.a(gpio_ai85.o)
                0x10005dd4                MXC_GPIO_OutSet
 .text.MXC_GPIO_OutClr
                0x10005e04       0x34 C:/MaximSDK/Libraries/PeriphDrivers/bin/MAX78000/softfp/libPeriphDriver_softfp.a(gpio_ai85.o)
                0x10005e04                MXC_GPIO_OutClr
 .text.MXC_GPIO_Handler
                0x10005e38        0x4 C:/MaximSDK/Libraries/PeriphDrivers/bin/MAX78000/softfp/libPeriphDriver_softfp.a(gpio_ai85.o)
                0x10005e38                MXC_GPIO_Handler
 .text.MXC_GPIO_ClearFlags
                0x10005e3c       0x18 C:/MaximSDK/Libraries/PeriphDrivers/bin/MAX78000/softfp/libPeriphDriver_softfp.a(gpio_ai85.o)
                0x10005e3c                MXC_GPIO_ClearFlags
 .text.MXC_GPIO_GetFlags
                0x10005e54       0x18 C:/MaximSDK/Libraries/PeriphDrivers/bin/MAX78000/softfp/libPeriphDriver_softfp.a(gpio_ai85.o)
                0x10005e54                MXC_GPIO_GetFlags
 .text.MXC_GPIO_SetVSSEL
                0x10005e6c       0x24 C:/MaximSDK/Libraries/PeriphDrivers/bin/MAX78000/softfp/libPeriphDriver_softfp.a(gpio_ai85.o)
                0x10005e6c                MXC_GPIO_SetVSSEL
 .text.MXC_GPIO_RevA_OutSet
                0x10005e90        0x4 C:/MaximSDK/Libraries/PeriphDrivers/bin/MAX78000/softfp/libPeriphDriver_softfp.a(gpio_reva.o)
                0x10005e90                MXC_GPIO_RevA_OutSet
 .text.MXC_GPIO_RevA_OutClr
                0x10005e94        0x4 C:/MaximSDK/Libraries/PeriphDrivers/bin/MAX78000/softfp/libPeriphDriver_softfp.a(gpio_reva.o)
                0x10005e94                MXC_GPIO_RevA_OutClr
 .text.MXC_GPIO_RevA_ClearFlags
                0x10005e98        0x4 C:/MaximSDK/Libraries/PeriphDrivers/bin/MAX78000/softfp/libPeriphDriver_softfp.a(gpio_reva.o)
                0x10005e98                MXC_GPIO_RevA_ClearFlags
 .text.MXC_GPIO_RevA_GetFlags
                0x10005e9c        0x4 C:/MaximSDK/Libraries/PeriphDrivers/bin/MAX78000/softfp/libPeriphDriver_softfp.a(gpio_reva.o)
                0x10005e9c                MXC_GPIO_RevA_GetFlags
 .text.MXC_GPIO_RevA_SetVSSEL
                0x10005ea0       0x30 C:/MaximSDK/Libraries/PeriphDrivers/bin/MAX78000/softfp/libPeriphDriver_softfp.a(gpio_reva.o)
                0x10005ea0                MXC_GPIO_RevA_SetVSSEL
 .text.MXC_GPIO_RevA_SetAF
                0x10005ed0       0x6c C:/MaximSDK/Libraries/PeriphDrivers/bin/MAX78000/softfp/libPeriphDriver_softfp.a(gpio_reva.o)
                0x10005ed0                MXC_GPIO_RevA_SetAF
 .text.MXC_GPIO_RevA_SetDriveStrength
                0x10005f3c       0x74 C:/MaximSDK/Libraries/PeriphDrivers/bin/MAX78000/softfp/libPeriphDriver_softfp.a(gpio_reva.o)
                0x10005f3c                MXC_GPIO_RevA_SetDriveStrength
 .text.MXC_ICC_Enable
                0x10005fb0        0x4 C:/MaximSDK/Libraries/PeriphDrivers/bin/MAX78000/softfp/libPeriphDriver_softfp.a(icc_me17.o)
                0x10005fb0                MXC_ICC_Enable
 .text.MXC_ICC_RevA_Enable
                0x10005fb4       0x30 C:/MaximSDK/Libraries/PeriphDrivers/bin/MAX78000/softfp/libPeriphDriver_softfp.a(icc_reva.o)
                0x10005fb4                MXC_ICC_RevA_Enable
 .text.MXC_PT_Init
                0x10005fe4      0x128 C:/MaximSDK/Libraries/PeriphDrivers/bin/MAX78000/softfp/libPeriphDriver_softfp.a(pt_ai85.o)
                0x10005fe4                MXC_PT_Init
 .text.MXC_PT_Config
                0x1000610c       0x5c C:/MaximSDK/Libraries/PeriphDrivers/bin/MAX78000/softfp/libPeriphDriver_softfp.a(pt_ai85.o)
                0x1000610c                MXC_PT_Config
 .text.MXC_PT_SqrWaveConfig
                0x10006168       0x20 C:/MaximSDK/Libraries/PeriphDrivers/bin/MAX78000/softfp/libPeriphDriver_softfp.a(pt_ai85.o)
                0x10006168                MXC_PT_SqrWaveConfig
 .text.MXC_PT_Start
                0x10006188        0xc C:/MaximSDK/Libraries/PeriphDrivers/bin/MAX78000/softfp/libPeriphDriver_softfp.a(pt_ai85.o)
                0x10006188                MXC_PT_Start
 .text.MXC_PT_IsActive
                0x10006194        0xc C:/MaximSDK/Libraries/PeriphDrivers/bin/MAX78000/softfp/libPeriphDriver_softfp.a(pt_ai85.o)
                0x10006194                MXC_PT_IsActive
 .text.MXC_PT_RevA_Init
                0x100061a0       0x10 C:/MaximSDK/Libraries/PeriphDrivers/bin/MAX78000/softfp/libPeriphDriver_softfp.a(pt_reva.o)
                0x100061a0                MXC_PT_RevA_Init
 .text.MXC_PT_RevA_Config
                0x100061b0       0xc4 C:/MaximSDK/Libraries/PeriphDrivers/bin/MAX78000/softfp/libPeriphDriver_softfp.a(pt_reva.o)
                0x100061b0                MXC_PT_RevA_Config
 .text.MXC_PT_RevA_SqrWaveConfig
                0x10006274       0x18 C:/MaximSDK/Libraries/PeriphDrivers/bin/MAX78000/softfp/libPeriphDriver_softfp.a(pt_reva.o)
                0x10006274                MXC_PT_RevA_SqrWaveConfig
 .text.MXC_PT_RevA_Start
                0x1000628c       0x10 C:/MaximSDK/Libraries/PeriphDrivers/bin/MAX78000/softfp/libPeriphDriver_softfp.a(pt_reva.o)
                0x1000628c                MXC_PT_RevA_Start
 .text.MXC_PT_RevA_IsActive
                0x1000629c        0xc C:/MaximSDK/Libraries/PeriphDrivers/bin/MAX78000/softfp/libPeriphDriver_softfp.a(pt_reva.o)
                0x1000629c                MXC_PT_RevA_IsActive
 .text.MXC_RTC_Start
                0x100062a8        0xc C:/MaximSDK/Libraries/PeriphDrivers/bin/MAX78000/softfp/libPeriphDriver_softfp.a(rtc_me17.o)
                0x100062a8                MXC_RTC_Start
 .text.MXC_RTC_Init
                0x100062b4       0x28 C:/MaximSDK/Libraries/PeriphDrivers/bin/MAX78000/softfp/libPeriphDriver_softfp.a(rtc_me17.o)
                0x100062b4                MXC_RTC_Init
 .text.MXC_RTC_GetSubSeconds
                0x100062dc       0x1c C:/MaximSDK/Libraries/PeriphDrivers/bin/MAX78000/softfp/libPeriphDriver_softfp.a(rtc_me17.o)
                0x100062dc                MXC_RTC_GetSubSeconds
 .text.MXC_RTC_GetSeconds
                0x100062f8       0x1c C:/MaximSDK/Libraries/PeriphDrivers/bin/MAX78000/softfp/libPeriphDriver_softfp.a(rtc_me17.o)
                0x100062f8                MXC_RTC_GetSeconds
 .text.MXC_RTC_RevA_Start
                0x10006314       0x40 C:/MaximSDK/Libraries/PeriphDrivers/bin/MAX78000/softfp/libPeriphDriver_softfp.a(rtc_reva.o)
                0x10006314                MXC_RTC_RevA_Start
 .text.MXC_RTC_RevA_Init
                0x10006354       0x64 C:/MaximSDK/Libraries/PeriphDrivers/bin/MAX78000/softfp/libPeriphDriver_softfp.a(rtc_reva.o)
                0x10006354                MXC_RTC_RevA_Init
 .text.MXC_RTC_RevA_GetSubSeconds
                0x100063b8       0x24 C:/MaximSDK/Libraries/PeriphDrivers/bin/MAX78000/softfp/libPeriphDriver_softfp.a(rtc_reva.o)
                0x100063b8                MXC_RTC_RevA_GetSubSeconds
 .text.MXC_RTC_RevA_GetSeconds
                0x100063dc       0x24 C:/MaximSDK/Libraries/PeriphDrivers/bin/MAX78000/softfp/libPeriphDriver_softfp.a(rtc_reva.o)
                0x100063dc                MXC_RTC_RevA_GetSeconds
 .text.MXC_SPI_Init
                0x10006400      0x1e8 C:/MaximSDK/Libraries/PeriphDrivers/bin/MAX78000/softfp/libPeriphDriver_softfp.a(spi_me17.o)
                0x10006400                MXC_SPI_Init
 .text.MXC_SPI_GetPeripheralClock
                0x100065e8       0x70 C:/MaximSDK/Libraries/PeriphDrivers/bin/MAX78000/softfp/libPeriphDriver_softfp.a(spi_me17.o)
                0x100065e8                MXC_SPI_GetPeripheralClock
 .text.MXC_SPI_SetFrequency
                0x10006658        0x4 C:/MaximSDK/Libraries/PeriphDrivers/bin/MAX78000/softfp/libPeriphDriver_softfp.a(spi_me17.o)
                0x10006658                MXC_SPI_SetFrequency
 .text.MXC_SPI_SetDataSize
                0x1000665c        0x4 C:/MaximSDK/Libraries/PeriphDrivers/bin/MAX78000/softfp/libPeriphDriver_softfp.a(spi_me17.o)
                0x1000665c                MXC_SPI_SetDataSize
 .text.MXC_SPI_SetWidth
                0x10006660        0x4 C:/MaximSDK/Libraries/PeriphDrivers/bin/MAX78000/softfp/libPeriphDriver_softfp.a(spi_me17.o)
                0x10006660                MXC_SPI_SetWidth
 .text.MXC_SPI_RevA1_Init
                0x10006664       0xfc C:/MaximSDK/Libraries/PeriphDrivers/bin/MAX78000/softfp/libPeriphDriver_softfp.a(spi_reva1.o)
                0x10006664                MXC_SPI_RevA1_Init
 .text.MXC_SPI_RevA1_SetFrequency
                0x10006760       0x94 C:/MaximSDK/Libraries/PeriphDrivers/bin/MAX78000/softfp/libPeriphDriver_softfp.a(spi_reva1.o)
                0x10006760                MXC_SPI_RevA1_SetFrequency
 .text.MXC_SPI_RevA1_SetDataSize
                0x100067f4       0x80 C:/MaximSDK/Libraries/PeriphDrivers/bin/MAX78000/softfp/libPeriphDriver_softfp.a(spi_reva1.o)
                0x100067f4                MXC_SPI_RevA1_SetDataSize
 .text.MXC_SPI_RevA1_SetWidth
                0x10006874       0x40 C:/MaximSDK/Libraries/PeriphDrivers/bin/MAX78000/softfp/libPeriphDriver_softfp.a(spi_reva1.o)
                0x10006874                MXC_SPI_RevA1_SetWidth
 .text.MXC_TMR_Init
                0x100068b4      0x314 C:/MaximSDK/Libraries/PeriphDrivers/bin/MAX78000/softfp/libPeriphDriver_softfp.a(tmr_ai85.o)
                0x100068b4                MXC_TMR_Init
 .text.MXC_TMR_Start
                0x10006bc8        0x4 C:/MaximSDK/Libraries/PeriphDrivers/bin/MAX78000/softfp/libPeriphDriver_softfp.a(tmr_ai85.o)
                0x10006bc8                MXC_TMR_Start
 .text.MXC_TMR_Stop
                0x10006bcc        0x4 C:/MaximSDK/Libraries/PeriphDrivers/bin/MAX78000/softfp/libPeriphDriver_softfp.a(tmr_ai85.o)
                0x10006bcc                MXC_TMR_Stop
 .text.MXC_TMR_ClearFlags
                0x10006bd0        0x4 C:/MaximSDK/Libraries/PeriphDrivers/bin/MAX78000/softfp/libPeriphDriver_softfp.a(tmr_ai85.o)
                0x10006bd0                MXC_TMR_ClearFlags
 .text.MXC_TMR_SetCount
                0x10006bd4        0x4 C:/MaximSDK/Libraries/PeriphDrivers/bin/MAX78000/softfp/libPeriphDriver_softfp.a(tmr_ai85.o)
                0x10006bd4                MXC_TMR_SetCount
 .text.MXC_TMR_TO_Start
                0x10006bd8        0x4 C:/MaximSDK/Libraries/PeriphDrivers/bin/MAX78000/softfp/libPeriphDriver_softfp.a(tmr_ai85.o)
                0x10006bd8                MXC_TMR_TO_Start
 .text.MXC_TMR_TO_Stop
                0x10006bdc        0x4 C:/MaximSDK/Libraries/PeriphDrivers/bin/MAX78000/softfp/libPeriphDriver_softfp.a(tmr_ai85.o)
                0x10006bdc                MXC_TMR_TO_Stop
 .text.MXC_TMR_TO_Elapsed
                0x10006be0        0x4 C:/MaximSDK/Libraries/PeriphDrivers/bin/MAX78000/softfp/libPeriphDriver_softfp.a(tmr_ai85.o)
                0x10006be0                MXC_TMR_TO_Elapsed
 .text.MXC_TMR_SW_Start
                0x10006be4        0x4 C:/MaximSDK/Libraries/PeriphDrivers/bin/MAX78000/softfp/libPeriphDriver_softfp.a(tmr_ai85.o)
                0x10006be4                MXC_TMR_SW_Start
 .text.MXC_TMR_SW_Stop
                0x10006be8        0x4 C:/MaximSDK/Libraries/PeriphDrivers/bin/MAX78000/softfp/libPeriphDriver_softfp.a(tmr_ai85.o)
                0x10006be8                MXC_TMR_SW_Stop
 .text.MXC_TMR_GetTime
                0x10006bec        0x4 C:/MaximSDK/Libraries/PeriphDrivers/bin/MAX78000/softfp/libPeriphDriver_softfp.a(tmr_ai85.o)
                0x10006bec                MXC_TMR_GetTime
 .text.MXC_TMR_RevB_SetClockSourceFreq
                0x10006bf0       0x7c C:/MaximSDK/Libraries/PeriphDrivers/bin/MAX78000/softfp/libPeriphDriver_softfp.a(tmr_revb.o)
                0x10006bf0                MXC_TMR_RevB_SetClockSourceFreq
 .text.MXC_TMR_RevB_GetClockSourceFreq
                0x10006c6c       0x80 C:/MaximSDK/Libraries/PeriphDrivers/bin/MAX78000/softfp/libPeriphDriver_softfp.a(tmr_revb.o)
                0x10006c6c                MXC_TMR_RevB_GetClockSourceFreq
 .text.MXC_TMR_RevB_ConfigGeneric
                0x10006cec       0xe8 C:/MaximSDK/Libraries/PeriphDrivers/bin/MAX78000/softfp/libPeriphDriver_softfp.a(tmr_revb.o)
                0x10006cec                MXC_TMR_RevB_ConfigGeneric
 .text.MXC_TMR_RevB_Init
                0x10006dd4       0xc8 C:/MaximSDK/Libraries/PeriphDrivers/bin/MAX78000/softfp/libPeriphDriver_softfp.a(tmr_revb.o)
                0x10006dd4                MXC_TMR_RevB_Init
 .text.MXC_TMR_RevB_Start
                0x10006e9c       0x5c C:/MaximSDK/Libraries/PeriphDrivers/bin/MAX78000/softfp/libPeriphDriver_softfp.a(tmr_revb.o)
                0x10006e9c                MXC_TMR_RevB_Start
 .text.MXC_TMR_RevB_Stop
                0x10006ef8       0x58 C:/MaximSDK/Libraries/PeriphDrivers/bin/MAX78000/softfp/libPeriphDriver_softfp.a(tmr_revb.o)
                0x10006ef8                MXC_TMR_RevB_Stop
 .text.MXC_TMR_RevB_ClearFlags
                0x10006f50       0x58 C:/MaximSDK/Libraries/PeriphDrivers/bin/MAX78000/softfp/libPeriphDriver_softfp.a(tmr_revb.o)
                0x10006f50                MXC_TMR_RevB_ClearFlags
 .text.MXC_TMR_RevB_SetCount
                0x10006fa8       0x5c C:/MaximSDK/Libraries/PeriphDrivers/bin/MAX78000/softfp/libPeriphDriver_softfp.a(tmr_revb.o)
                0x10006fa8                MXC_TMR_RevB_SetCount
 .text.MXC_TMR_RevB_TO_Start
                0x10007004       0xe4 C:/MaximSDK/Libraries/PeriphDrivers/bin/MAX78000/softfp/libPeriphDriver_softfp.a(tmr_revb.o)
                0x10007004                MXC_TMR_RevB_TO_Start
 .text.MXC_TMR_RevB_GetTime
                0x100070e8      0x148 C:/MaximSDK/Libraries/PeriphDrivers/bin/MAX78000/softfp/libPeriphDriver_softfp.a(tmr_revb.o)
                0x100070e8                MXC_TMR_RevB_GetTime
 .text.MXC_UART_Shutdown
                0x10007230       0x70 C:/MaximSDK/Libraries/PeriphDrivers/bin/MAX78000/softfp/libPeriphDriver_softfp.a(uart_ai85.o)
                0x10007230                MXC_UART_Shutdown
 .text.MXC_UART_Init
                0x100072a0       0xb8 C:/MaximSDK/Libraries/PeriphDrivers/bin/MAX78000/softfp/libPeriphDriver_softfp.a(uart_ai85.o)
                0x100072a0                MXC_UART_Init
 .text.MXC_UART_SetFrequency
                0x10007358       0xcc C:/MaximSDK/Libraries/PeriphDrivers/bin/MAX78000/softfp/libPeriphDriver_softfp.a(uart_ai85.o)
                0x10007358                MXC_UART_SetFrequency
 .text.MXC_UART_GetFrequency
                0x10007424       0x54 C:/MaximSDK/Libraries/PeriphDrivers/bin/MAX78000/softfp/libPeriphDriver_softfp.a(uart_ai85.o)
                0x10007424                MXC_UART_GetFrequency
 .text.MXC_UART_SetDataSize
                0x10007478        0x4 C:/MaximSDK/Libraries/PeriphDrivers/bin/MAX78000/softfp/libPeriphDriver_softfp.a(uart_ai85.o)
                0x10007478                MXC_UART_SetDataSize
 .text.MXC_UART_SetStopBits
                0x1000747c        0x4 C:/MaximSDK/Libraries/PeriphDrivers/bin/MAX78000/softfp/libPeriphDriver_softfp.a(uart_ai85.o)
                0x1000747c                MXC_UART_SetStopBits
 .text.MXC_UART_SetParity
                0x10007480        0x4 C:/MaximSDK/Libraries/PeriphDrivers/bin/MAX78000/softfp/libPeriphDriver_softfp.a(uart_ai85.o)
                0x10007480                MXC_UART_SetParity
 .text.MXC_UART_ReadCharacterRaw
                0x10007484        0x4 C:/MaximSDK/Libraries/PeriphDrivers/bin/MAX78000/softfp/libPeriphDriver_softfp.a(uart_ai85.o)
                0x10007484                MXC_UART_ReadCharacterRaw
 .text.MXC_UART_WriteCharacterRaw
                0x10007488        0x4 C:/MaximSDK/Libraries/PeriphDrivers/bin/MAX78000/softfp/libPeriphDriver_softfp.a(uart_ai85.o)
                0x10007488                MXC_UART_WriteCharacterRaw
 .text.MXC_UART_ReadCharacter
                0x1000748c        0x4 C:/MaximSDK/Libraries/PeriphDrivers/bin/MAX78000/softfp/libPeriphDriver_softfp.a(uart_ai85.o)
                0x1000748c                MXC_UART_ReadCharacter
 .text.MXC_UART_WriteCharacter
                0x10007490        0x4 C:/MaximSDK/Libraries/PeriphDrivers/bin/MAX78000/softfp/libPeriphDriver_softfp.a(uart_ai85.o)
                0x10007490                MXC_UART_WriteCharacter
 .text.MXC_UART_GetRXFIFOAvailable
                0x10007494        0x4 C:/MaximSDK/Libraries/PeriphDrivers/bin/MAX78000/softfp/libPeriphDriver_softfp.a(uart_ai85.o)
                0x10007494                MXC_UART_GetRXFIFOAvailable
 .text.MXC_UART_GetTXFIFOAvailable
                0x10007498        0x4 C:/MaximSDK/Libraries/PeriphDrivers/bin/MAX78000/softfp/libPeriphDriver_softfp.a(uart_ai85.o)
                0x10007498                MXC_UART_GetTXFIFOAvailable
 .text.MXC_UART_SetRXThreshold
                0x1000749c        0x4 C:/MaximSDK/Libraries/PeriphDrivers/bin/MAX78000/softfp/libPeriphDriver_softfp.a(uart_ai85.o)
                0x1000749c                MXC_UART_SetRXThreshold
 .text.MXC_UART_Common_ReadCharacter
                0x100074a0       0x18 C:/MaximSDK/Libraries/PeriphDrivers/bin/MAX78000/softfp/libPeriphDriver_softfp.a(uart_common.o)
                0x100074a0                MXC_UART_Common_ReadCharacter
 .text.MXC_UART_Common_WriteCharacter
                0x100074b8       0x1c C:/MaximSDK/Libraries/PeriphDrivers/bin/MAX78000/softfp/libPeriphDriver_softfp.a(uart_common.o)
                0x100074b8                MXC_UART_Common_WriteCharacter
 .text.MXC_UART_RevB_Init
                0x100074d4       0x70 C:/MaximSDK/Libraries/PeriphDrivers/bin/MAX78000/softfp/libPeriphDriver_softfp.a(uart_revb.o)
                0x100074d4                MXC_UART_RevB_Init
 .text.MXC_UART_RevB_SetFrequency
                0x10007544       0x9c C:/MaximSDK/Libraries/PeriphDrivers/bin/MAX78000/softfp/libPeriphDriver_softfp.a(uart_revb.o)
                0x10007544                MXC_UART_RevB_SetFrequency
 .text.MXC_UART_RevB_GetFrequency
                0x100075e0       0x7c C:/MaximSDK/Libraries/PeriphDrivers/bin/MAX78000/softfp/libPeriphDriver_softfp.a(uart_revb.o)
                0x100075e0                MXC_UART_RevB_GetFrequency
 .text.MXC_UART_RevB_SetDataSize
                0x1000765c       0x40 C:/MaximSDK/Libraries/PeriphDrivers/bin/MAX78000/softfp/libPeriphDriver_softfp.a(uart_revb.o)
                0x1000765c                MXC_UART_RevB_SetDataSize
 .text.MXC_UART_RevB_SetStopBits
                0x1000769c       0x4c C:/MaximSDK/Libraries/PeriphDrivers/bin/MAX78000/softfp/libPeriphDriver_softfp.a(uart_revb.o)
                0x1000769c                MXC_UART_RevB_SetStopBits
 .text.MXC_UART_RevB_SetParity
                0x100076e8       0xb4 C:/MaximSDK/Libraries/PeriphDrivers/bin/MAX78000/softfp/libPeriphDriver_softfp.a(uart_revb.o)
                0x100076e8                MXC_UART_RevB_SetParity
 .text.MXC_UART_RevB_ReadCharacterRaw
                0x1000779c       0x38 C:/MaximSDK/Libraries/PeriphDrivers/bin/MAX78000/softfp/libPeriphDriver_softfp.a(uart_revb.o)
                0x1000779c                MXC_UART_RevB_ReadCharacterRaw
 .text.MXC_UART_RevB_WriteCharacterRaw
                0x100077d4       0x3c C:/MaximSDK/Libraries/PeriphDrivers/bin/MAX78000/softfp/libPeriphDriver_softfp.a(uart_revb.o)
                0x100077d4                MXC_UART_RevB_WriteCharacterRaw
 .text.MXC_UART_RevB_GetRXFIFOAvailable
                0x10007810        0x8 C:/MaximSDK/Libraries/PeriphDrivers/bin/MAX78000/softfp/libPeriphDriver_softfp.a(uart_revb.o)
                0x10007810                MXC_UART_RevB_GetRXFIFOAvailable
 .text.MXC_UART_RevB_GetTXFIFOAvailable
                0x10007818        0xc C:/MaximSDK/Libraries/PeriphDrivers/bin/MAX78000/softfp/libPeriphDriver_softfp.a(uart_revb.o)
                0x10007818                MXC_UART_RevB_GetTXFIFOAvailable
 .text.MXC_UART_RevB_SetRXThreshold
                0x10007824       0x40 C:/MaximSDK/Libraries/PeriphDrivers/bin/MAX78000/softfp/libPeriphDriver_softfp.a(uart_revb.o)
                0x10007824                MXC_UART_RevB_SetRXThreshold
 .text.MXC_GetLock
                0x10007864       0x1c C:/MaximSDK/Libraries/PeriphDrivers/bin/MAX78000/softfp/libPeriphDriver_softfp.a(mxc_lock.o)
                0x10007864                MXC_GetLock
 .text.MXC_FreeLock
                0x10007880        0xc C:/MaximSDK/Libraries/PeriphDrivers/bin/MAX78000/softfp/libPeriphDriver_softfp.a(mxc_lock.o)
                0x10007880                MXC_FreeLock
 .text.MXC_GPIO_Common_Init
                0x1000788c       0x24 C:/MaximSDK/Libraries/PeriphDrivers/bin/MAX78000/softfp/libPeriphDriver_softfp.a(gpio_common.o)
                0x1000788c                MXC_GPIO_Common_Init
 .text.MXC_GPIO_Common_Handler
                0x100078b0       0x88 C:/MaximSDK/Libraries/PeriphDrivers/bin/MAX78000/softfp/libPeriphDriver_softfp.a(gpio_common.o)
                0x100078b0                MXC_GPIO_Common_Handler
 .text.MXC_TMR_Common_TO_Stop
                0x10007938       0x14 C:/MaximSDK/Libraries/PeriphDrivers/bin/MAX78000/softfp/libPeriphDriver_softfp.a(tmr_common.o)
                0x10007938                MXC_TMR_Common_TO_Stop
 .text.MXC_TMR_Common_SW_Start
                0x1000794c        0x8 C:/MaximSDK/Libraries/PeriphDrivers/bin/MAX78000/softfp/libPeriphDriver_softfp.a(tmr_common.o)
                0x1000794c                MXC_TMR_Common_SW_Start
 .text.MXC_TMR_Common_SW_Stop
                0x10007954       0x14 C:/MaximSDK/Libraries/PeriphDrivers/bin/MAX78000/softfp/libPeriphDriver_softfp.a(tmr_common.o)
                0x10007954                MXC_TMR_Common_SW_Stop
 .text.MXC_TMR_Common_TO_Elapsed
                0x10007968       0x54 C:/MaximSDK/Libraries/PeriphDrivers/bin/MAX78000/softfp/libPeriphDriver_softfp.a(tmr_common.o)
                0x10007968                MXC_TMR_Common_TO_Elapsed
 .text.__errno  0x100079bc        0xc c:/maximsdk/tools/gnutools/10.3/bin/../lib/gcc/arm-none-eabi/10.3.1/../../../../arm-none-eabi/lib/thumb/v7e-m+fp/softfp\libc.a(lib_a-errno.o)
                0x100079bc                __errno
 .text.__libc_init_array
                0x100079c8       0x48 c:/maximsdk/tools/gnutools/10.3/bin/../lib/gcc/arm-none-eabi/10.3.1/../../../../arm-none-eabi/lib/thumb/v7e-m+fp/softfp\libc.a(lib_a-init.o)
                0x100079c8                __libc_init_array
 .text.malloc   0x10007a10       0x10 c:/maximsdk/tools/gnutools/10.3/bin/../lib/gcc/arm-none-eabi/10.3.1/../../../../arm-none-eabi/lib/thumb/v7e-m+fp/softfp\libc.a(lib_a-malloc.o)
                0x10007a10                malloc
 .text.free     0x10007a20       0x10 c:/maximsdk/tools/gnutools/10.3/bin/../lib/gcc/arm-none-eabi/10.3.1/../../../../arm-none-eabi/lib/thumb/v7e-m+fp/softfp\libc.a(lib_a-malloc.o)
                0x10007a20                free
 .text._malloc_r
                0x10007a30      0x560 c:/maximsdk/tools/gnutools/10.3/bin/../lib/gcc/arm-none-eabi/10.3.1/../../../../arm-none-eabi/lib/thumb/v7e-m+fp/softfp\libc.a(lib_a-mallocr.o)
                0x10007a30                _malloc_r
 .text          0x10007f90      0x134 c:/maximsdk/tools/gnutools/10.3/bin/../lib/gcc/arm-none-eabi/10.3.1/../../../../arm-none-eabi/lib/thumb/v7e-m+fp/softfp\libc.a(lib_a-memcpy.o)
                0x10007f90                memcpy
 .text.memset   0x100080c4       0xa4 c:/maximsdk/tools/gnutools/10.3/bin/../lib/gcc/arm-none-eabi/10.3.1/../../../../arm-none-eabi/lib/thumb/v7e-m+fp/softfp\libc.a(lib_a-memset.o)
                0x100080c4                memset
 .text.__malloc_lock
                0x10008168        0xc c:/maximsdk/tools/gnutools/10.3/bin/../lib/gcc/arm-none-eabi/10.3.1/../../../../arm-none-eabi/lib/thumb/v7e-m+fp/softfp\libc.a(lib_a-mlock.o)
                0x10008168                __malloc_lock
 .text.__malloc_unlock
                0x10008174        0xc c:/maximsdk/tools/gnutools/10.3/bin/../lib/gcc/arm-none-eabi/10.3.1/../../../../arm-none-eabi/lib/thumb/v7e-m+fp/softfp\libc.a(lib_a-mlock.o)
                0x10008174                __malloc_unlock
 .text.printf   0x10008180       0x28 c:/maximsdk/tools/gnutools/10.3/bin/../lib/gcc/arm-none-eabi/10.3.1/../../../../arm-none-eabi/lib/thumb/v7e-m+fp/softfp\libc.a(lib_a-printf.o)
                0x10008180                printf
 .text.putchar  0x100081a8       0x10 c:/maximsdk/tools/gnutools/10.3/bin/../lib/gcc/arm-none-eabi/10.3.1/../../../../arm-none-eabi/lib/thumb/v7e-m+fp/softfp\libc.a(lib_a-putchar.o)
                0x100081a8                putchar
 .text._puts_r  0x100081b8       0x9c c:/maximsdk/tools/gnutools/10.3/bin/../lib/gcc/arm-none-eabi/10.3.1/../../../../arm-none-eabi/lib/thumb/v7e-m+fp/softfp\libc.a(lib_a-puts.o)
                0x100081b8                _puts_r
 .text.puts     0x10008254       0x10 c:/maximsdk/tools/gnutools/10.3/bin/../lib/gcc/arm-none-eabi/10.3.1/../../../../arm-none-eabi/lib/thumb/v7e-m+fp/softfp\libc.a(lib_a-puts.o)
                0x10008254                puts
 .text._sbrk_r  0x10008264       0x24 c:/maximsdk/tools/gnutools/10.3/bin/../lib/gcc/arm-none-eabi/10.3.1/../../../../arm-none-eabi/lib/thumb/v7e-m+fp/softfp\libc.a(lib_a-sbrkr.o)
                0x10008264                _sbrk_r
 .text.snprintf
                0x10008288       0x88 c:/maximsdk/tools/gnutools/10.3/bin/../lib/gcc/arm-none-eabi/10.3.1/../../../../arm-none-eabi/lib/thumb/v7e-m+fp/softfp\libc.a(lib_a-snprintf.o)
                0x10008288                snprintf
 *fill*         0x10008310       0x30 
 .text          0x10008340       0xdc c:/maximsdk/tools/gnutools/10.3/bin/../lib/gcc/arm-none-eabi/10.3.1/../../../../arm-none-eabi/lib/thumb/v7e-m+fp/softfp\libc.a(lib_a-strlen.o)
                0x10008340                strlen
 *fill*         0x1000841c        0x4 
 .text._svfprintf_r
                0x10008420     0x1ac8 c:/maximsdk/tools/gnutools/10.3/bin/../lib/gcc/arm-none-eabi/10.3.1/../../../../arm-none-eabi/lib/thumb/v7e-m+fp/softfp\libc.a(lib_a-svfprintf.o)
                0x10008420                _svfprintf_r
 .text._vfprintf_r
                0x10009ee8     0x1b8c c:/maximsdk/tools/gnutools/10.3/bin/../lib/gcc/arm-none-eabi/10.3.1/../../../../arm-none-eabi/lib/thumb/v7e-m+fp/softfp\libc.a(lib_a-vfprintf.o)
                0x10009ee8                _vfprintf_r
 .text.__sbprintf
                0x1000ba74       0x80 c:/maximsdk/tools/gnutools/10.3/bin/../lib/gcc/arm-none-eabi/10.3.1/../../../../arm-none-eabi/lib/thumb/v7e-m+fp/softfp\libc.a(lib_a-vfprintf.o)
 .text.__swsetup_r
                0x1000baf4       0xd4 c:/maximsdk/tools/gnutools/10.3/bin/../lib/gcc/arm-none-eabi/10.3.1/../../../../arm-none-eabi/lib/thumb/v7e-m+fp/softfp\libc.a(lib_a-wsetup.o)
                0x1000baf4                __swsetup_r
 .text.startup.register_fini
                0x1000bbc8       0x14 c:/maximsdk/tools/gnutools/10.3/bin/../lib/gcc/arm-none-eabi/10.3.1/../../../../arm-none-eabi/lib/thumb/v7e-m+fp/softfp\libc.a(lib_a-__call_atexit.o)
 .text.atexit   0x1000bbdc        0xc c:/maximsdk/tools/gnutools/10.3/bin/../lib/gcc/arm-none-eabi/10.3.1/../../../../arm-none-eabi/lib/thumb/v7e-m+fp/softfp\libc.a(lib_a-atexit.o)
                0x1000bbdc                atexit
 .text.quorem   0x1000bbe8      0x128 c:/maximsdk/tools/gnutools/10.3/bin/../lib/gcc/arm-none-eabi/10.3.1/../../../../arm-none-eabi/lib/thumb/v7e-m+fp/softfp\libc.a(lib_a-dtoa.o)
 .text._dtoa_r  0x1000bd10      0xf34 c:/maximsdk/tools/gnutools/10.3/bin/../lib/gcc/arm-none-eabi/10.3.1/../../../../arm-none-eabi/lib/thumb/v7e-m+fp/softfp\libc.a(lib_a-dtoa.o)
                0x1000bd10                _dtoa_r
 .text.__sflush_r
                0x1000cc44      0x130 c:/maximsdk/tools/gnutools/10.3/bin/../lib/gcc/arm-none-eabi/10.3.1/../../../../arm-none-eabi/lib/thumb/v7e-m+fp/softfp\libc.a(lib_a-fflush.o)
                0x1000cc44                __sflush_r
 .text._fflush_r
                0x1000cd74       0x5c c:/maximsdk/tools/gnutools/10.3/bin/../lib/gcc/arm-none-eabi/10.3.1/../../../../arm-none-eabi/lib/thumb/v7e-m+fp/softfp\libc.a(lib_a-fflush.o)
                0x1000cd74                _fflush_r
 .text._cleanup_r
                0x1000cdd0        0xc c:/maximsdk/tools/gnutools/10.3/bin/../lib/gcc/arm-none-eabi/10.3.1/../../../../arm-none-eabi/lib/thumb/v7e-m+fp/softfp\libc.a(lib_a-findfp.o)
                0x1000cdd0                _cleanup_r
 .text.__sinit  0x1000cddc      0x10c c:/maximsdk/tools/gnutools/10.3/bin/../lib/gcc/arm-none-eabi/10.3.1/../../../../arm-none-eabi/lib/thumb/v7e-m+fp/softfp\libc.a(lib_a-findfp.o)
                0x1000cddc                __sinit
 .text.__sfp_lock_acquire
                0x1000cee8        0xc c:/maximsdk/tools/gnutools/10.3/bin/../lib/gcc/arm-none-eabi/10.3.1/../../../../arm-none-eabi/lib/thumb/v7e-m+fp/softfp\libc.a(lib_a-findfp.o)
                0x1000cee8                __sfp_lock_acquire
 .text.__sfp_lock_release
                0x1000cef4        0xc c:/maximsdk/tools/gnutools/10.3/bin/../lib/gcc/arm-none-eabi/10.3.1/../../../../arm-none-eabi/lib/thumb/v7e-m+fp/softfp\libc.a(lib_a-findfp.o)
                0x1000cef4                __sfp_lock_release
 .text.__libc_fini_array
                0x1000cf00       0x2c c:/maximsdk/tools/gnutools/10.3/bin/../lib/gcc/arm-none-eabi/10.3.1/../../../../arm-none-eabi/lib/thumb/v7e-m+fp/softfp\libc.a(lib_a-fini.o)
                0x1000cf00                __libc_fini_array
 .text._malloc_trim_r
                0x1000cf2c       0xa0 c:/maximsdk/tools/gnutools/10.3/bin/../lib/gcc/arm-none-eabi/10.3.1/../../../../arm-none-eabi/lib/thumb/v7e-m+fp/softfp\libc.a(lib_a-freer.o)
                0x1000cf2c                _malloc_trim_r
 .text._free_r  0x1000cfcc      0x20c c:/maximsdk/tools/gnutools/10.3/bin/../lib/gcc/arm-none-eabi/10.3.1/../../../../arm-none-eabi/lib/thumb/v7e-m+fp/softfp\libc.a(lib_a-freer.o)
                0x1000cfcc                _free_r
 .text.__sfvwrite_r
                0x1000d1d8      0x2f0 c:/maximsdk/tools/gnutools/10.3/bin/../lib/gcc/arm-none-eabi/10.3.1/../../../../arm-none-eabi/lib/thumb/v7e-m+fp/softfp\libc.a(lib_a-fvwrite.o)
                0x1000d1d8                __sfvwrite_r
 .text._fwalk_reent
                0x1000d4c8       0x48 c:/maximsdk/tools/gnutools/10.3/bin/../lib/gcc/arm-none-eabi/10.3.1/../../../../arm-none-eabi/lib/thumb/v7e-m+fp/softfp\libc.a(lib_a-fwalk.o)
                0x1000d4c8                _fwalk_reent
 .text._localeconv_r
                0x1000d510        0x8 c:/maximsdk/tools/gnutools/10.3/bin/../lib/gcc/arm-none-eabi/10.3.1/../../../../arm-none-eabi/lib/thumb/v7e-m+fp/softfp\libc.a(lib_a-localeconv.o)
                0x1000d510                _localeconv_r
 .text.__retarget_lock_init_recursive
                0x1000d518        0x4 c:/maximsdk/tools/gnutools/10.3/bin/../lib/gcc/arm-none-eabi/10.3.1/../../../../arm-none-eabi/lib/thumb/v7e-m+fp/softfp\libc.a(lib_a-lock.o)
                0x1000d518                __retarget_lock_init_recursive
 .text.__retarget_lock_close_recursive
                0x1000d51c        0x4 c:/maximsdk/tools/gnutools/10.3/bin/../lib/gcc/arm-none-eabi/10.3.1/../../../../arm-none-eabi/lib/thumb/v7e-m+fp/softfp\libc.a(lib_a-lock.o)
                0x1000d51c                __retarget_lock_close_recursive
 .text.__retarget_lock_acquire_recursive
                0x1000d520        0x4 c:/maximsdk/tools/gnutools/10.3/bin/../lib/gcc/arm-none-eabi/10.3.1/../../../../arm-none-eabi/lib/thumb/v7e-m+fp/softfp\libc.a(lib_a-lock.o)
                0x1000d520                __retarget_lock_acquire_recursive
 .text.__retarget_lock_release_recursive
                0x1000d524        0x4 c:/maximsdk/tools/gnutools/10.3/bin/../lib/gcc/arm-none-eabi/10.3.1/../../../../arm-none-eabi/lib/thumb/v7e-m+fp/softfp\libc.a(lib_a-lock.o)
                0x1000d524                __retarget_lock_release_recursive
 .text.__smakebuf_r
                0x1000d528       0xe0 c:/maximsdk/tools/gnutools/10.3/bin/../lib/gcc/arm-none-eabi/10.3.1/../../../../arm-none-eabi/lib/thumb/v7e-m+fp/softfp\libc.a(lib_a-makebuf.o)
                0x1000d528                __smakebuf_r
 *fill*         0x1000d608        0x8 
 .text          0x1000d610       0xa0 c:/maximsdk/tools/gnutools/10.3/bin/../lib/gcc/arm-none-eabi/10.3.1/../../../../arm-none-eabi/lib/thumb/v7e-m+fp/softfp\libc.a(lib_a-memchr.o)
                0x1000d610                memchr
 .text.memmove  0x1000d6b0       0xf8 c:/maximsdk/tools/gnutools/10.3/bin/../lib/gcc/arm-none-eabi/10.3.1/../../../../arm-none-eabi/lib/thumb/v7e-m+fp/softfp\libc.a(lib_a-memmove.o)
                0x1000d6b0                memmove
 .text._Balloc  0x1000d7a8       0x4c c:/maximsdk/tools/gnutools/10.3/bin/../lib/gcc/arm-none-eabi/10.3.1/../../../../arm-none-eabi/lib/thumb/v7e-m+fp/softfp\libc.a(lib_a-mprec.o)
                0x1000d7a8                _Balloc
 .text._Bfree   0x1000d7f4       0x14 c:/maximsdk/tools/gnutools/10.3/bin/../lib/gcc/arm-none-eabi/10.3.1/../../../../arm-none-eabi/lib/thumb/v7e-m+fp/softfp\libc.a(lib_a-mprec.o)
                0x1000d7f4                _Bfree
 .text.__multadd
                0x1000d808       0xa8 c:/maximsdk/tools/gnutools/10.3/bin/../lib/gcc/arm-none-eabi/10.3.1/../../../../arm-none-eabi/lib/thumb/v7e-m+fp/softfp\libc.a(lib_a-mprec.o)
                0x1000d808                __multadd
 .text.__hi0bits
                0x1000d8b0       0x40 c:/maximsdk/tools/gnutools/10.3/bin/../lib/gcc/arm-none-eabi/10.3.1/../../../../arm-none-eabi/lib/thumb/v7e-m+fp/softfp\libc.a(lib_a-mprec.o)
                0x1000d8b0                __hi0bits
 .text.__lo0bits
                0x1000d8f0       0x60 c:/maximsdk/tools/gnutools/10.3/bin/../lib/gcc/arm-none-eabi/10.3.1/../../../../arm-none-eabi/lib/thumb/v7e-m+fp/softfp\libc.a(lib_a-mprec.o)
                0x1000d8f0                __lo0bits
 .text.__i2b    0x1000d950       0x5c c:/maximsdk/tools/gnutools/10.3/bin/../lib/gcc/arm-none-eabi/10.3.1/../../../../arm-none-eabi/lib/thumb/v7e-m+fp/softfp\libc.a(lib_a-mprec.o)
                0x1000d950                __i2b
 .text.__multiply
                0x1000d9ac      0x15c c:/maximsdk/tools/gnutools/10.3/bin/../lib/gcc/arm-none-eabi/10.3.1/../../../../arm-none-eabi/lib/thumb/v7e-m+fp/softfp\libc.a(lib_a-mprec.o)
                0x1000d9ac                __multiply
 .text.__pow5mult
                0x1000db08       0xc0 c:/maximsdk/tools/gnutools/10.3/bin/../lib/gcc/arm-none-eabi/10.3.1/../../../../arm-none-eabi/lib/thumb/v7e-m+fp/softfp\libc.a(lib_a-mprec.o)
                0x1000db08                __pow5mult
 .text.__lshift
                0x1000dbc8       0xf0 c:/maximsdk/tools/gnutools/10.3/bin/../lib/gcc/arm-none-eabi/10.3.1/../../../../arm-none-eabi/lib/thumb/v7e-m+fp/softfp\libc.a(lib_a-mprec.o)
                0x1000dbc8                __lshift
 .text.__mcmp   0x1000dcb8       0x44 c:/maximsdk/tools/gnutools/10.3/bin/../lib/gcc/arm-none-eabi/10.3.1/../../../../arm-none-eabi/lib/thumb/v7e-m+fp/softfp\libc.a(lib_a-mprec.o)
                0x1000dcb8                __mcmp
 .text.__mdiff  0x1000dcfc      0x14c c:/maximsdk/tools/gnutools/10.3/bin/../lib/gcc/arm-none-eabi/10.3.1/../../../../arm-none-eabi/lib/thumb/v7e-m+fp/softfp\libc.a(lib_a-mprec.o)
                0x1000dcfc                __mdiff
 .text.__d2b    0x1000de48       0xc4 c:/maximsdk/tools/gnutools/10.3/bin/../lib/gcc/arm-none-eabi/10.3.1/../../../../arm-none-eabi/lib/thumb/v7e-m+fp/softfp\libc.a(lib_a-mprec.o)
                0x1000de48                __d2b
 .text._putc_r  0x1000df0c       0x74 c:/maximsdk/tools/gnutools/10.3/bin/../lib/gcc/arm-none-eabi/10.3.1/../../../../arm-none-eabi/lib/thumb/v7e-m+fp/softfp\libc.a(lib_a-putc.o)
                0x1000df0c                _putc_r
 .text._realloc_r
                0x1000df80      0x3d8 c:/maximsdk/tools/gnutools/10.3/bin/../lib/gcc/arm-none-eabi/10.3.1/../../../../arm-none-eabi/lib/thumb/v7e-m+fp/softfp\libc.a(lib_a-reallocr.o)
                0x1000df80                _realloc_r
 .text.frexp    0x1000e358       0x70 c:/maximsdk/tools/gnutools/10.3/bin/../lib/gcc/arm-none-eabi/10.3.1/../../../../arm-none-eabi/lib/thumb/v7e-m+fp/softfp\libc.a(lib_a-s_frexp.o)
                0x1000e358                frexp
 .text.__sread  0x1000e3c8       0x24 c:/maximsdk/tools/gnutools/10.3/bin/../lib/gcc/arm-none-eabi/10.3.1/../../../../arm-none-eabi/lib/thumb/v7e-m+fp/softfp\libc.a(lib_a-stdio.o)
                0x1000e3c8                __sread
 .text.__swrite
                0x1000e3ec       0x40 c:/maximsdk/tools/gnutools/10.3/bin/../lib/gcc/arm-none-eabi/10.3.1/../../../../arm-none-eabi/lib/thumb/v7e-m+fp/softfp\libc.a(lib_a-stdio.o)
                0x1000e3ec                __swrite
 .text.__sseek  0x1000e42c       0x20 c:/maximsdk/tools/gnutools/10.3/bin/../lib/gcc/arm-none-eabi/10.3.1/../../../../arm-none-eabi/lib/thumb/v7e-m+fp/softfp\libc.a(lib_a-stdio.o)
                0x1000e42c                __sseek
 .text.__sclose
                0x1000e44c        0x8 c:/maximsdk/tools/gnutools/10.3/bin/../lib/gcc/arm-none-eabi/10.3.1/../../../../arm-none-eabi/lib/thumb/v7e-m+fp/softfp\libc.a(lib_a-stdio.o)
                0x1000e44c                __sclose
 .text.strncpy  0x1000e454       0x64 c:/maximsdk/tools/gnutools/10.3/bin/../lib/gcc/arm-none-eabi/10.3.1/../../../../arm-none-eabi/lib/thumb/v7e-m+fp/softfp\libc.a(lib_a-strncpy.o)
                0x1000e454                strncpy
 .text.__ssprint_r
                0x1000e4b8       0xf8 c:/maximsdk/tools/gnutools/10.3/bin/../lib/gcc/arm-none-eabi/10.3.1/../../../../arm-none-eabi/lib/thumb/v7e-m+fp/softfp\libc.a(lib_a-svfiprintf.o)
                0x1000e4b8                __ssprint_r
 .text.__sprint_r.part.0
                0x1000e5b0       0x78 c:/maximsdk/tools/gnutools/10.3/bin/../lib/gcc/arm-none-eabi/10.3.1/../../../../arm-none-eabi/lib/thumb/v7e-m+fp/softfp\libc.a(lib_a-vfiprintf.o)
 .text.__sprint_r
                0x1000e628       0x18 c:/maximsdk/tools/gnutools/10.3/bin/../lib/gcc/arm-none-eabi/10.3.1/../../../../arm-none-eabi/lib/thumb/v7e-m+fp/softfp\libc.a(lib_a-vfiprintf.o)
                0x1000e628                __sprint_r
 .text._vfiprintf_r
                0x1000e640      0xdfc c:/maximsdk/tools/gnutools/10.3/bin/../lib/gcc/arm-none-eabi/10.3.1/../../../../arm-none-eabi/lib/thumb/v7e-m+fp/softfp\libc.a(lib_a-vfiprintf.o)
                0x1000e640                _vfiprintf_r
 .text.__sbprintf
                0x1000f43c       0x80 c:/maximsdk/tools/gnutools/10.3/bin/../lib/gcc/arm-none-eabi/10.3.1/../../../../arm-none-eabi/lib/thumb/v7e-m+fp/softfp\libc.a(lib_a-vfiprintf.o)
 .text.__swbuf_r
                0x1000f4bc       0xb0 c:/maximsdk/tools/gnutools/10.3/bin/../lib/gcc/arm-none-eabi/10.3.1/../../../../arm-none-eabi/lib/thumb/v7e-m+fp/softfp\libc.a(lib_a-wbuf.o)
                0x1000f4bc                __swbuf_r
 .text._write_r
                0x1000f56c       0x2c c:/maximsdk/tools/gnutools/10.3/bin/../lib/gcc/arm-none-eabi/10.3.1/../../../../arm-none-eabi/lib/thumb/v7e-m+fp/softfp\libc.a(lib_a-writer.o)
                0x1000f56c                _write_r
 .text.__register_exitproc
                0x1000f598       0x8c c:/maximsdk/tools/gnutools/10.3/bin/../lib/gcc/arm-none-eabi/10.3.1/../../../../arm-none-eabi/lib/thumb/v7e-m+fp/softfp\libc.a(lib_a-__atexit.o)
                0x1000f598                __register_exitproc
 .text.__assert_func
                0x1000f624       0x40 c:/maximsdk/tools/gnutools/10.3/bin/../lib/gcc/arm-none-eabi/10.3.1/../../../../arm-none-eabi/lib/thumb/v7e-m+fp/softfp\libc.a(lib_a-assert.o)
                0x1000f624                __assert_func
 .text._calloc_r
                0x1000f664       0x78 c:/maximsdk/tools/gnutools/10.3/bin/../lib/gcc/arm-none-eabi/10.3.1/../../../../arm-none-eabi/lib/thumb/v7e-m+fp/softfp\libc.a(lib_a-callocr.o)
                0x1000f664                _calloc_r
 .text._close_r
                0x1000f6dc       0x24 c:/maximsdk/tools/gnutools/10.3/bin/../lib/gcc/arm-none-eabi/10.3.1/../../../../arm-none-eabi/lib/thumb/v7e-m+fp/softfp\libc.a(lib_a-closer.o)
                0x1000f6dc                _close_r
 .text._fclose_r
                0x1000f700       0xcc c:/maximsdk/tools/gnutools/10.3/bin/../lib/gcc/arm-none-eabi/10.3.1/../../../../arm-none-eabi/lib/thumb/v7e-m+fp/softfp\libc.a(lib_a-fclose.o)
                0x1000f700                _fclose_r
 .text.fiprintf
                0x1000f7cc       0x28 c:/maximsdk/tools/gnutools/10.3/bin/../lib/gcc/arm-none-eabi/10.3.1/../../../../arm-none-eabi/lib/thumb/v7e-m+fp/softfp\libc.a(lib_a-fiprintf.o)
                0x1000f7cc                fiprintf
 .text.__fputwc
                0x1000f7f4       0xa8 c:/maximsdk/tools/gnutools/10.3/bin/../lib/gcc/arm-none-eabi/10.3.1/../../../../arm-none-eabi/lib/thumb/v7e-m+fp/softfp\libc.a(lib_a-fputwc.o)
                0x1000f7f4                __fputwc
 .text._fputwc_r
                0x1000f89c       0x68 c:/maximsdk/tools/gnutools/10.3/bin/../lib/gcc/arm-none-eabi/10.3.1/../../../../arm-none-eabi/lib/thumb/v7e-m+fp/softfp\libc.a(lib_a-fputwc.o)
                0x1000f89c                _fputwc_r
 .text._fstat_r
                0x1000f904       0x2c c:/maximsdk/tools/gnutools/10.3/bin/../lib/gcc/arm-none-eabi/10.3.1/../../../../arm-none-eabi/lib/thumb/v7e-m+fp/softfp\libc.a(lib_a-fstatr.o)
                0x1000f904                _fstat_r
 .text._isatty_r
                0x1000f930       0x24 c:/maximsdk/tools/gnutools/10.3/bin/../lib/gcc/arm-none-eabi/10.3.1/../../../../arm-none-eabi/lib/thumb/v7e-m+fp/softfp\libc.a(lib_a-isattyr.o)
                0x1000f930                _isatty_r
 .text.__locale_mb_cur_max
                0x1000f954        0xc c:/maximsdk/tools/gnutools/10.3/bin/../lib/gcc/arm-none-eabi/10.3.1/../../../../arm-none-eabi/lib/thumb/v7e-m+fp/softfp\libc.a(lib_a-locale.o)
                0x1000f954                __locale_mb_cur_max
 .text._lseek_r
                0x1000f960       0x2c c:/maximsdk/tools/gnutools/10.3/bin/../lib/gcc/arm-none-eabi/10.3.1/../../../../arm-none-eabi/lib/thumb/v7e-m+fp/softfp\libc.a(lib_a-lseekr.o)
                0x1000f960                _lseek_r
 .text.__ascii_mbtowc
                0x1000f98c       0x2c c:/maximsdk/tools/gnutools/10.3/bin/../lib/gcc/arm-none-eabi/10.3.1/../../../../arm-none-eabi/lib/thumb/v7e-m+fp/softfp\libc.a(lib_a-mbtowc_r.o)
                0x1000f98c                __ascii_mbtowc
 .text._read_r  0x1000f9b8       0x2c c:/maximsdk/tools/gnutools/10.3/bin/../lib/gcc/arm-none-eabi/10.3.1/../../../../arm-none-eabi/lib/thumb/v7e-m+fp/softfp\libc.a(lib_a-readr.o)
                0x1000f9b8                _read_r
 .text._wcrtomb_r
                0x1000f9e4       0x3c c:/maximsdk/tools/gnutools/10.3/bin/../lib/gcc/arm-none-eabi/10.3.1/../../../../arm-none-eabi/lib/thumb/v7e-m+fp/softfp\libc.a(lib_a-wcrtomb.o)
                0x1000f9e4                _wcrtomb_r
 .text.__ascii_wctomb
                0x1000fa20       0x1c c:/maximsdk/tools/gnutools/10.3/bin/../lib/gcc/arm-none-eabi/10.3.1/../../../../arm-none-eabi/lib/thumb/v7e-m+fp/softfp\libc.a(lib_a-wctomb_r.o)
                0x1000fa20                __ascii_wctomb
 .text.abort    0x1000fa3c       0x10 c:/maximsdk/tools/gnutools/10.3/bin/../lib/gcc/arm-none-eabi/10.3.1/../../../../arm-none-eabi/lib/thumb/v7e-m+fp/softfp\libc.a(lib_a-abort.o)
                0x1000fa3c                abort
 .text.raise    0x1000fa4c       0x5c c:/maximsdk/tools/gnutools/10.3/bin/../lib/gcc/arm-none-eabi/10.3.1/../../../../arm-none-eabi/lib/thumb/v7e-m+fp/softfp\libc.a(lib_a-signal.o)
                0x1000fa4c                raise
 .text._kill_r  0x1000faa8       0x2c c:/maximsdk/tools/gnutools/10.3/bin/../lib/gcc/arm-none-eabi/10.3.1/../../../../arm-none-eabi/lib/thumb/v7e-m+fp/softfp\libc.a(lib_a-signalr.o)
                0x1000faa8                _kill_r
 .text._getpid_r
                0x1000fad4        0x4 c:/maximsdk/tools/gnutools/10.3/bin/../lib/gcc/arm-none-eabi/10.3.1/../../../../arm-none-eabi/lib/thumb/v7e-m+fp/softfp\libc.a(lib_a-signalr.o)
                0x1000fad4                _getpid_r
 .text.exp      0x1000fad8       0x74 c:/maximsdk/tools/gnutools/10.3/bin/../lib/gcc/arm-none-eabi/10.3.1/../../../../arm-none-eabi/lib/thumb/v7e-m+fp/softfp\libm.a(lib_a-w_exp.o)
                0x1000fad8                exp
 .text.sqrt     0x1000fb4c       0x50 c:/maximsdk/tools/gnutools/10.3/bin/../lib/gcc/arm-none-eabi/10.3.1/../../../../arm-none-eabi/lib/thumb/v7e-m+fp/softfp\libm.a(lib_a-w_sqrt.o)
                0x1000fb4c                sqrt
 *fill*         0x1000fb9c        0x4 
 .text.__ieee754_exp
                0x1000fba0      0x3a4 c:/maximsdk/tools/gnutools/10.3/bin/../lib/gcc/arm-none-eabi/10.3.1/../../../../arm-none-eabi/lib/thumb/v7e-m+fp/softfp\libm.a(lib_a-e_exp.o)
                0x1000fba0                __ieee754_exp
 .text.__ieee754_sqrt
                0x1000ff44      0x16c c:/maximsdk/tools/gnutools/10.3/bin/../lib/gcc/arm-none-eabi/10.3.1/../../../../arm-none-eabi/lib/thumb/v7e-m+fp/softfp\libm.a(lib_a-e_sqrt.o)
                0x1000ff44                __ieee754_sqrt
 .text.with_errno
                0x100100b0       0x18 c:/maximsdk/tools/gnutools/10.3/bin/../lib/gcc/arm-none-eabi/10.3.1/../../../../arm-none-eabi/lib/thumb/v7e-m+fp/softfp\libm.a(lib_a-math_err.o)
 .text.xflow    0x100100c8       0x2c c:/maximsdk/tools/gnutools/10.3/bin/../lib/gcc/arm-none-eabi/10.3.1/../../../../arm-none-eabi/lib/thumb/v7e-m+fp/softfp\libm.a(lib_a-math_err.o)
 .text.__math_uflow
                0x100100f4        0xc c:/maximsdk/tools/gnutools/10.3/bin/../lib/gcc/arm-none-eabi/10.3.1/../../../../arm-none-eabi/lib/thumb/v7e-m+fp/softfp\libm.a(lib_a-math_err.o)
                0x100100f4                __math_uflow
 .text.__math_oflow
                0x10010100        0xc c:/maximsdk/tools/gnutools/10.3/bin/../lib/gcc/arm-none-eabi/10.3.1/../../../../arm-none-eabi/lib/thumb/v7e-m+fp/softfp\libm.a(lib_a-math_err.o)
                0x10010100                __math_oflow
 .text.finite   0x1001010c        0xc c:/maximsdk/tools/gnutools/10.3/bin/../lib/gcc/arm-none-eabi/10.3.1/../../../../arm-none-eabi/lib/thumb/v7e-m+fp/softfp\libm.a(lib_a-s_finite.o)
                0x1001010c                finite
 .text._exit    0x10010118        0x4 c:/maximsdk/tools/gnutools/10.3/bin/../lib/gcc/arm-none-eabi/10.3.1/../../../../arm-none-eabi/lib/thumb/v7e-m+fp/softfp\libnosys.a(_exit.o)
                0x10010118                _exit
 .text          0x1001011c      0x378 c:/maximsdk/tools/gnutools/10.3/bin/../lib/gcc/arm-none-eabi/10.3.1/thumb/v7e-m+fp/softfp\libgcc.a(_arm_addsubdf3.o)
                0x1001011c                __aeabi_drsub
                0x10010124                __aeabi_dsub
                0x10010124                __subdf3
                0x10010128                __aeabi_dadd
                0x10010128                __adddf3
                0x100103a0                __floatunsidf
                0x100103a0                __aeabi_ui2d
                0x100103c0                __floatsidf
                0x100103c0                __aeabi_i2d
                0x100103e4                __aeabi_f2d
                0x100103e4                __extendsfdf2
                0x10010428                __floatundidf
                0x10010428                __aeabi_ul2d
                0x10010438                __floatdidf
                0x10010438                __aeabi_l2d
 .text          0x10010494      0x424 c:/maximsdk/tools/gnutools/10.3/bin/../lib/gcc/arm-none-eabi/10.3.1/thumb/v7e-m+fp/softfp\libgcc.a(_arm_muldivdf3.o)
                0x10010494                __aeabi_dmul
                0x10010494                __muldf3
                0x100106e8                __divdf3
                0x100106e8                __aeabi_ddiv
 .text          0x100108b8      0x110 c:/maximsdk/tools/gnutools/10.3/bin/../lib/gcc/arm-none-eabi/10.3.1/thumb/v7e-m+fp/softfp\libgcc.a(_arm_cmpdf2.o)
                0x100108b8                __gtdf2
                0x100108b8                __gedf2
                0x100108c0                __ltdf2
                0x100108c0                __ledf2
                0x100108c8                __nedf2
                0x100108c8                __eqdf2
                0x100108c8                __cmpdf2
                0x10010944                __aeabi_cdrcmple
                0x10010954                __aeabi_cdcmpeq
                0x10010954                __aeabi_cdcmple
                0x10010964                __aeabi_dcmpeq
                0x10010978                __aeabi_dcmplt
                0x1001098c                __aeabi_dcmple
                0x100109a0                __aeabi_dcmpge
                0x100109b4                __aeabi_dcmpgt
 .text          0x100109c8       0x2c c:/maximsdk/tools/gnutools/10.3/bin/../lib/gcc/arm-none-eabi/10.3.1/thumb/v7e-m+fp/softfp\libgcc.a(_arm_unorddf2.o)
                0x100109c8                __unorddf2
                0x100109c8                __aeabi_dcmpun
 .text          0x100109f4       0x50 c:/maximsdk/tools/gnutools/10.3/bin/../lib/gcc/arm-none-eabi/10.3.1/thumb/v7e-m+fp/softfp\libgcc.a(_arm_fixdfsi.o)
                0x100109f4                __aeabi_d2iz
                0x100109f4                __fixdfsi
 .text          0x10010a44       0xa0 c:/maximsdk/tools/gnutools/10.3/bin/../lib/gcc/arm-none-eabi/10.3.1/thumb/v7e-m+fp/softfp\libgcc.a(_arm_truncdfsf2.o)
                0x10010a44                __truncdfsf2
                0x10010a44                __aeabi_d2f
 .text          0x10010ae4       0x30 c:/maximsdk/tools/gnutools/10.3/bin/../lib/gcc/arm-none-eabi/10.3.1/thumb/v7e-m+fp/softfp\libgcc.a(_aeabi_uldivmod.o)
                0x10010ae4                __aeabi_uldivmod
 .text          0x10010b14      0x2d0 c:/maximsdk/tools/gnutools/10.3/bin/../lib/gcc/arm-none-eabi/10.3.1/thumb/v7e-m+fp/softfp\libgcc.a(_udivmoddi4.o)
                0x10010b14                __udivmoddi4
 .text          0x10010de4        0x4 c:/maximsdk/tools/gnutools/10.3/bin/../lib/gcc/arm-none-eabi/10.3.1/thumb/v7e-m+fp/softfp\libgcc.a(_dvmd_tls.o)
                0x10010de4                __aeabi_idiv0
                0x10010de4                __aeabi_ldiv0
 *(.rodata*)
 .rodata.load_input_RGB565.str1.4
                0x10010de8       0x13 C:/Users/User/eclipse-workspace/perfect_ball_v1/build/main.o
 *fill*         0x10010dfb        0x1 
 .rodata.display_camera_RGB565.str1.4
                0x10010dfc       0x14 C:/Users/User/eclipse-workspace/perfect_ball_v1/build/main.o
 .rodata.main.str1.4
                0x10010e10       0xf1 C:/Users/User/eclipse-workspace/perfect_ball_v1/build/main.o
 *fill*         0x10010f01        0x3 
 .rodata.localize_objects.str1.4
                0x10010f04       0x2f C:/Users/User/eclipse-workspace/perfect_ball_v1/build/post_process.o
 *fill*         0x10010f33        0x1 
 .rodata.ars    0x10010f34        0x8 C:/Users/User/eclipse-workspace/perfect_ball_v1/build/post_process.o
                0x10010f34                ars
 .rodata.dims   0x10010f3c        0x8 C:/Users/User/eclipse-workspace/perfect_ball_v1/build/post_process.o
                0x10010f3c                dims
 .rodata.scales
                0x10010f44        0x8 C:/Users/User/eclipse-workspace/perfect_ball_v1/build/post_process.o
                0x10010f44                scales
 .rodata.str1.4
                0x10010f4c       0x1a C:/Users/User/eclipse-workspace/perfect_ball_v1/build/tft_utils.o
 *fill*         0x10010f66        0x2 
 .rodata.bias_0
                0x10010f68       0xb0 C:/Users/User/eclipse-workspace/perfect_ball_v1/build/cnn.o
 .rodata.bias_1
                0x10011018       0xb8 C:/Users/User/eclipse-workspace/perfect_ball_v1/build/cnn.o
 .rodata.bias_2
                0x100110d0       0xb4 C:/Users/User/eclipse-workspace/perfect_ball_v1/build/cnn.o
 .rodata.bias_3
                0x10011184       0xb4 C:/Users/User/eclipse-workspace/perfect_ball_v1/build/cnn.o
 .rodata.kernels
                0x10011238    0x4c424 C:/Users/User/eclipse-workspace/perfect_ball_v1/build/cnn.o
 .rodata.mxc_assert.str1.4
                0x1005d65c       0x19 C:/Users/User/eclipse-workspace/perfect_ball_v1/build/board.o
 *fill*         0x1005d675        0x3 
 .rodata.Board_Init.str1.4
                0x1005d678       0x45 C:/Users/User/eclipse-workspace/perfect_ball_v1/build/board.o
 *fill*         0x1005d6bd        0x3 
 .rodata        0x1005d6c0       0x54 C:/Users/User/eclipse-workspace/perfect_ball_v1/build/board.o
 .rodata.led_pin
                0x1005d714       0x18 C:/Users/User/eclipse-workspace/perfect_ball_v1/build/board.o
                0x1005d714                led_pin
 .rodata.num_leds
                0x1005d72c        0x4 C:/Users/User/eclipse-workspace/perfect_ball_v1/build/board.o
                0x1005d72c                num_leds
 .rodata.num_pbs
                0x1005d730        0x4 C:/Users/User/eclipse-workspace/perfect_ball_v1/build/board.o
                0x1005d730                num_pbs
 .rodata.pb_pin
                0x1005d734       0x18 C:/Users/User/eclipse-workspace/perfect_ball_v1/build/board.o
                0x1005d734                pb_pin
 .rodata.LED_On.str1.4
                0x1005d74c       0x3b C:/Users/User/eclipse-workspace/perfect_ball_v1/build/led.o
 *fill*         0x1005d787        0x1 
 .rodata.camera_setup.str1.4
                0x1005d788       0x1b C:/Users/User/eclipse-workspace/perfect_ball_v1/build/camera.o
 *fill*         0x1005d7a3        0x1 
 .rodata.dump_registers.str1.4
                0x1005d7a4       0x12 C:/Users/User/eclipse-workspace/perfect_ball_v1/build/ov7692.o
 *fill*         0x1005d7b6        0x2 
 .rodata.default_regs
                0x1005d7b8       0x5e C:/Users/User/eclipse-workspace/perfect_ball_v1/build/ov7692.o
 *fill*         0x1005d816        0x2 
 .rodata.gpio_cfg_scl
                0x1005d818        0xc C:/Users/User/eclipse-workspace/perfect_ball_v1/build/sccb.o
 .rodata.gpio_cfg_sda
                0x1005d824        0xc C:/Users/User/eclipse-workspace/perfect_ball_v1/build/sccb.o
 .rodata.gpio_cfg_extclk
                0x1005d830        0xc C:/MaximSDK/Libraries/PeriphDrivers/bin/MAX78000/softfp/libPeriphDriver_softfp.a(pins_ai85.o)
                0x1005d830                gpio_cfg_extclk
 .rodata.gpio_cfg_pcif_P0_BITS_0_7
                0x1005d83c        0xc C:/MaximSDK/Libraries/PeriphDrivers/bin/MAX78000/softfp/libPeriphDriver_softfp.a(pins_ai85.o)
                0x1005d83c                gpio_cfg_pcif_P0_BITS_0_7
 .rodata.gpio_cfg_pcif_P0_BITS_8_9
                0x1005d848        0xc C:/MaximSDK/Libraries/PeriphDrivers/bin/MAX78000/softfp/libPeriphDriver_softfp.a(pins_ai85.o)
                0x1005d848                gpio_cfg_pcif_P0_BITS_8_9
 .rodata.gpio_cfg_pcif_P1_BITS_10_11
                0x1005d854        0xc C:/MaximSDK/Libraries/PeriphDrivers/bin/MAX78000/softfp/libPeriphDriver_softfp.a(pins_ai85.o)
                0x1005d854                gpio_cfg_pcif_P1_BITS_10_11
 .rodata.gpio_cfg_pcif_hsync
                0x1005d860        0xc C:/MaximSDK/Libraries/PeriphDrivers/bin/MAX78000/softfp/libPeriphDriver_softfp.a(pins_ai85.o)
                0x1005d860                gpio_cfg_pcif_hsync
 .rodata.gpio_cfg_pcif_vsync
                0x1005d86c        0xc C:/MaximSDK/Libraries/PeriphDrivers/bin/MAX78000/softfp/libPeriphDriver_softfp.a(pins_ai85.o)
                0x1005d86c                gpio_cfg_pcif_vsync
 .rodata.gpio_cfg_pcif_xclk
                0x1005d878        0xc C:/MaximSDK/Libraries/PeriphDrivers/bin/MAX78000/softfp/libPeriphDriver_softfp.a(pins_ai85.o)
                0x1005d878                gpio_cfg_pcif_xclk
 .rodata.gpio_cfg_pt0
                0x1005d884        0xc C:/MaximSDK/Libraries/PeriphDrivers/bin/MAX78000/softfp/libPeriphDriver_softfp.a(pins_ai85.o)
                0x1005d884                gpio_cfg_pt0
 .rodata.gpio_cfg_pt1
                0x1005d890        0xc C:/MaximSDK/Libraries/PeriphDrivers/bin/MAX78000/softfp/libPeriphDriver_softfp.a(pins_ai85.o)
                0x1005d890                gpio_cfg_pt1
 .rodata.gpio_cfg_pt2
                0x1005d89c        0xc C:/MaximSDK/Libraries/PeriphDrivers/bin/MAX78000/softfp/libPeriphDriver_softfp.a(pins_ai85.o)
                0x1005d89c                gpio_cfg_pt2
 .rodata.gpio_cfg_pt3
                0x1005d8a8        0xc C:/MaximSDK/Libraries/PeriphDrivers/bin/MAX78000/softfp/libPeriphDriver_softfp.a(pins_ai85.o)
                0x1005d8a8                gpio_cfg_pt3
 .rodata.gpio_cfg_tmr0
                0x1005d8b4        0xc C:/MaximSDK/Libraries/PeriphDrivers/bin/MAX78000/softfp/libPeriphDriver_softfp.a(pins_ai85.o)
                0x1005d8b4                gpio_cfg_tmr0
 .rodata.gpio_cfg_tmr0b
                0x1005d8c0        0xc C:/MaximSDK/Libraries/PeriphDrivers/bin/MAX78000/softfp/libPeriphDriver_softfp.a(pins_ai85.o)
                0x1005d8c0                gpio_cfg_tmr0b
 .rodata.gpio_cfg_tmr1
                0x1005d8cc        0xc C:/MaximSDK/Libraries/PeriphDrivers/bin/MAX78000/softfp/libPeriphDriver_softfp.a(pins_ai85.o)
                0x1005d8cc                gpio_cfg_tmr1
 .rodata.gpio_cfg_tmr1b
                0x1005d8d8        0xc C:/MaximSDK/Libraries/PeriphDrivers/bin/MAX78000/softfp/libPeriphDriver_softfp.a(pins_ai85.o)
                0x1005d8d8                gpio_cfg_tmr1b
 .rodata.gpio_cfg_tmr2
                0x1005d8e4        0xc C:/MaximSDK/Libraries/PeriphDrivers/bin/MAX78000/softfp/libPeriphDriver_softfp.a(pins_ai85.o)
                0x1005d8e4                gpio_cfg_tmr2
 .rodata.gpio_cfg_tmr2b
                0x1005d8f0        0xc C:/MaximSDK/Libraries/PeriphDrivers/bin/MAX78000/softfp/libPeriphDriver_softfp.a(pins_ai85.o)
                0x1005d8f0                gpio_cfg_tmr2b
 .rodata.gpio_cfg_tmr3
                0x1005d8fc        0xc C:/MaximSDK/Libraries/PeriphDrivers/bin/MAX78000/softfp/libPeriphDriver_softfp.a(pins_ai85.o)
                0x1005d8fc                gpio_cfg_tmr3
 .rodata.gpio_cfg_tmr3b
                0x1005d908        0xc C:/MaximSDK/Libraries/PeriphDrivers/bin/MAX78000/softfp/libPeriphDriver_softfp.a(pins_ai85.o)
                0x1005d908                gpio_cfg_tmr3b
 .rodata.gpio_cfg_tmr4
                0x1005d914        0xc C:/MaximSDK/Libraries/PeriphDrivers/bin/MAX78000/softfp/libPeriphDriver_softfp.a(pins_ai85.o)
                0x1005d914                gpio_cfg_tmr4
 .rodata.gpio_cfg_tmr5
                0x1005d920        0xc C:/MaximSDK/Libraries/PeriphDrivers/bin/MAX78000/softfp/libPeriphDriver_softfp.a(pins_ai85.o)
                0x1005d920                gpio_cfg_tmr5
 .rodata.gpio_cfg_uart0
                0x1005d92c        0xc C:/MaximSDK/Libraries/PeriphDrivers/bin/MAX78000/softfp/libPeriphDriver_softfp.a(pins_ai85.o)
                0x1005d92c                gpio_cfg_uart0
 .rodata.gpio_cfg_uart1
                0x1005d938        0xc C:/MaximSDK/Libraries/PeriphDrivers/bin/MAX78000/softfp/libPeriphDriver_softfp.a(pins_ai85.o)
                0x1005d938                gpio_cfg_uart1
 .rodata.gpio_cfg_uart2
                0x1005d944        0xc C:/MaximSDK/Libraries/PeriphDrivers/bin/MAX78000/softfp/libPeriphDriver_softfp.a(pins_ai85.o)
                0x1005d944                gpio_cfg_uart2
 .rodata.gpio_cfg_uart3
                0x1005d950        0xc C:/MaximSDK/Libraries/PeriphDrivers/bin/MAX78000/softfp/libPeriphDriver_softfp.a(pins_ai85.o)
                0x1005d950                gpio_cfg_uart3
 .rodata.MXC_DMA_RevA_Init.str1.4
                0x1005d95c       0x51 C:/MaximSDK/Libraries/PeriphDrivers/bin/MAX78000/softfp/libPeriphDriver_softfp.a(dma_reva.o)
 *fill*         0x1005d9ad        0x3 
 .rodata.MXC_PT_Init.str1.4
                0x1005d9b0       0x55 C:/MaximSDK/Libraries/PeriphDrivers/bin/MAX78000/softfp/libPeriphDriver_softfp.a(pt_ai85.o)
 *fill*         0x1005da05        0x3 
 .rodata.MXC_PT_RevA_Config.str1.4
                0x1005da08       0x51 C:/MaximSDK/Libraries/PeriphDrivers/bin/MAX78000/softfp/libPeriphDriver_softfp.a(pt_reva.o)
 *fill*         0x1005da59        0x3 
 .rodata.MXC_SPI_Init.str1.4